// Jest Snapshot v1, https://goo.gl/fbAQLP

exports[`<Header /> renders correctly 1`] = `
<View
  style={
    Object {
      "height": 280,
      "marginTop": 10,
      "width": "92%",
    }
  }
>
  <Text>
    Allocation
  </Text>
  <View
    style={
      Object {
        "backgroundColor": "#fff",
        "borderBottomWidth": 0.5,
        "borderColor": "#ccc",
        "borderLeftWidth": 0.5,
        "borderRadius": 2,
        "borderRightWidth": 0.5,
        "borderTopWidth": 0.5,
        "elevation": 3,
        "flexWrap": "nowrap",
        "marginBottom": 5,
        "marginLeft": 2,
        "marginRight": 2,
        "marginTop": 5,
        "shadowColor": "#000",
        "shadowOffset": Object {
          "height": 2,
          "width": 0,
        },
        "shadowOpacity": 0.1,
        "shadowRadius": 1.5,
      }
    }
  >
    <View
      style={
        Object {
          "backgroundColor": "#DFF1FD",
          "height": 220,
          "width": "100%",
        }
      }
    >
      <View
        style={
          Object {
            "display": "flex",
            "flexDirection": "row",
            "justifyContent": "space-around",
          }
        }
      >
        <RNSVGSvgView
          bbHeight={50}
          bbWidth={150}
          height={50}
          style={
            Array [
              Object {
                "backgroundColor": "transparent",
                "borderWidth": 0,
              },
              Object {
                "border": "1 px solid #ccc",
              },
              Object {
                "opacity": 1,
              },
              Object {
                "flex": 0,
                "height": 50,
                "width": 150,
              },
            ]
          }
          width={150}
        >
          <RNSVGGroup
            fill={
              Array [
                0,
                4278190080,
              ]
            }
            fillOpacity={1}
            fillRule={1}
            font={Object {}}
            matrix={
              Array [
                1,
                0,
                0,
                1,
                0,
                0,
              ]
            }
            opacity={1}
            originX={0}
            originY={0}
            propList={Array []}
            rotation={0}
            scaleX={1}
            scaleY={1}
            skewX={0}
            skewY={0}
            stroke={null}
            strokeDasharray={null}
            strokeDashoffset={null}
            strokeLinecap={0}
            strokeLinejoin={0}
            strokeMiterlimit={4}
            strokeOpacity={1}
            strokeWidth={1}
            vectorEffect={0}
            x={0}
            y={0}
          >
            <View
              className="VictoryContainer"
              onMoveShouldSetResponder={[Function]}
              onMoveShouldSetResponderCapture={[Function]}
              onResponderEnd={[Function]}
              onResponderGrant={[Function]}
              onResponderMove={[Function]}
              onResponderReject={[Function]}
              onResponderRelease={[Function]}
              onResponderStart={[Function]}
              onResponderTerminate={[Function]}
              onResponderTerminationRequest={[Function]}
              onStartShouldSetResponder={[Function]}
              onStartShouldSetResponderCapture={[Function]}
              pointerEvents="box-none"
              style={
                Object {
                  "position": "relative",
                }
              }
            >
              <RNSVGSvgView
                align="xMidYMid"
                bbHeight={300}
                bbWidth={750}
                height={300}
                meetOrSlice={0}
                minX={0}
                minY={0}
                role="img"
                style={
                  Array [
                    Object {
                      "backgroundColor": "transparent",
                      "borderWidth": 0,
                    },
                    Object {
                      "height": "100%",
                      "width": "100%",
                    },
                    Object {
                      "opacity": 1,
                    },
                    Object {
                      "flex": 0,
                      "height": 300,
                      "width": 750,
                    },
                  ]
                }
                vbHeight={300}
                vbWidth={750}
                width={750}
              >
                <RNSVGGroup
                  fill={
                    Array [
                      0,
                      4278190080,
                    ]
                  }
                  fillOpacity={1}
                  fillRule={1}
                  font={Object {}}
                  matrix={
                    Array [
                      1,
                      0,
                      0,
                      1,
                      0,
                      0,
                    ]
                  }
                  opacity={1}
                  originX={0}
                  originY={0}
                  propList={Array []}
                  rotation={0}
                  scaleX={1}
                  scaleY={1}
                  skewX={0}
                  skewY={0}
                  stroke={null}
                  strokeDasharray={null}
                  strokeDashoffset={null}
                  strokeLinecap={0}
                  strokeLinejoin={0}
                  strokeMiterlimit={4}
                  strokeOpacity={1}
                  strokeWidth={1}
                  vectorEffect={0}
                  x={0}
                  y={0}
                >
                  <RNSVGRect
                    fill={null}
                    fillOpacity={1}
                    fillRule={1}
                    height={92.71499999999999}
                    matrix={
                      Array [
                        1,
                        0,
                        0,
                        1,
                        0,
                        0,
                      ]
                    }
                    opacity={1}
                    originX={0}
                    originY={0}
                    propList={
                      Array [
                        "fill",
                      ]
                    }
                    rotation={0}
                    rx={0}
                    ry={0}
                    scaleX={1}
                    scaleY={1}
                    skewX={0}
                    skewY={0}
                    stroke={null}
                    strokeDasharray={null}
                    strokeDashoffset={null}
                    strokeLinecap={0}
                    strokeLinejoin={0}
                    strokeMiterlimit={4}
                    strokeOpacity={1}
                    strokeWidth={1}
                    vectorEffect={1}
                    width={79.19514170040486}
                    x={30}
                    y={40}
                  />
                  <RNSVGPath
                    d="M 39.128, 58.872
      h9.744
      v-9.744
      h-9.744
      z"
                    fill={
                      Array [
                        0,
                        4285601538,
                      ]
                    }
                    fillOpacity={1}
                    fillRule={1}
                    matrix={
                      Array [
                        1,
                        0,
                        0,
                        1,
                        0,
                        0,
                      ]
                    }
                    opacity={1}
                    originX={0}
                    originY={0}
                    propList={
                      Array [
                        "fill",
                      ]
                    }
                    rotation={0}
                    scaleX={1}
                    scaleY={1}
                    skewX={0}
                    skewY={0}
                    stroke={null}
                    strokeDasharray={null}
                    strokeDashoffset={null}
                    strokeLinecap={0}
                    strokeLinejoin={0}
                    strokeMiterlimit={4}
                    strokeOpacity={1}
                    strokeWidth={1}
                    vectorEffect={0}
                    x={0}
                    y={0}
                  />
                  <RNSVGPath
                    d="M 39.128, 89.777
      h9.744
      v-9.744
      h-9.744
      z"
                    fill={
                      Array [
                        0,
                        4289271296,
                      ]
                    }
                    fillOpacity={1}
                    fillRule={1}
                    matrix={
                      Array [
                        1,
                        0,
                        0,
                        1,
                        0,
                        0,
                      ]
                    }
                    opacity={1}
                    originX={0}
                    originY={0}
                    propList={
                      Array [
                        "fill",
                      ]
                    }
                    rotation={0}
                    scaleX={1}
                    scaleY={1}
                    skewX={0}
                    skewY={0}
                    stroke={null}
                    strokeDasharray={null}
                    strokeDashoffset={null}
                    strokeLinecap={0}
                    strokeLinejoin={0}
                    strokeMiterlimit={4}
                    strokeOpacity={1}
                    strokeWidth={1}
                    vectorEffect={0}
                    x={0}
                    y={0}
                  />
                  <RNSVGPath
                    d="M 39.128, 120.682
      h9.744
      v-9.744
      h-9.744
      z"
                    fill={
                      Array [
                        0,
                        4292946944,
                      ]
                    }
                    fillOpacity={1}
                    fillRule={1}
                    matrix={
                      Array [
                        1,
                        0,
                        0,
                        1,
                        0,
                        0,
                      ]
                    }
                    opacity={1}
                    originX={0}
                    originY={0}
                    propList={
                      Array [
                        "fill",
                      ]
                    }
                    rotation={0}
                    scaleX={1}
                    scaleY={1}
                    skewX={0}
                    skewY={0}
                    stroke={null}
                    strokeDasharray={null}
                    strokeDashoffset={null}
                    strokeLinecap={0}
                    strokeLinejoin={0}
                    strokeMiterlimit={4}
                    strokeOpacity={1}
                    strokeWidth={1}
                    vectorEffect={0}
                    x={0}
                    y={0}
                  />
                  <RNSVGText
                    content={null}
                    dx={
                      Array [
                        0,
                      ]
                    }
                    dy={
                      Array [
                        4.97,
                      ]
                    }
                    fill={
                      Array [
                        0,
                        4278190080,
                      ]
                    }
                    fillOpacity={1}
                    fillRule={1}
                    font={Object {}}
                    matrix={
                      Array [
                        1,
                        0,
                        0,
                        1,
                        0,
                        0,
                      ]
                    }
                    name="legend-labels-0"
                    opacity={1}
                    originX={0}
                    originY={0}
                    propList={Array []}
                    rotate={Array []}
                    rotation={0}
                    scaleX={1}
                    scaleY={1}
                    skewX={0}
                    skewY={0}
                    stroke={null}
                    strokeDasharray={null}
                    strokeDashoffset={null}
                    strokeLinecap={0}
                    strokeLinejoin={0}
                    strokeMiterlimit={4}
                    strokeOpacity={1}
                    strokeWidth={1}
                    vectorEffect={0}
                    x={
                      Array [
                        60.8,
                      ]
                    }
                    y={
                      Array [
                        54,
                      ]
                    }
                  >
                    <RNSVGTSpan
                      content="IT"
                      dx={
                        Array [
                          0,
                        ]
                      }
                      dy={Array []}
                      fill={
                        Array [
                          0,
                          4280624421,
                        ]
                      }
                      fillOpacity={1}
                      fillRule={1}
                      font={
                        Object {
                          "fontFamily": "Gill Sans",
                          "fontSize": 14,
                          "letterSpacing": "normal",
                          "textAnchor": "start",
                        }
                      }
                      matrix={
                        Array [
                          1,
                          0,
                          0,
                          1,
                          0,
                          0,
                        ]
                      }
                      opacity={1}
                      originX={0}
                      originY={0}
                      propList={
                        Array [
                          "fill",
                        ]
                      }
                      rotate={Array []}
                      rotation={0}
                      scaleX={1}
                      scaleY={1}
                      skewX={0}
                      skewY={0}
                      stroke={null}
                      strokeDasharray={null}
                      strokeDashoffset={null}
                      strokeLinecap={0}
                      strokeLinejoin={0}
                      strokeMiterlimit={4}
                      strokeOpacity={1}
                      strokeWidth={1}
                      vectorEffect={0}
                      x={
                        Array [
                          60.8,
                        ]
                      }
                      y={Array []}
                    />
                  </RNSVGText>
                  <RNSVGText
                    content={null}
                    dx={
                      Array [
                        0,
                      ]
                    }
                    dy={
                      Array [
                        4.97,
                      ]
                    }
                    fill={
                      Array [
                        0,
                        4278190080,
                      ]
                    }
                    fillOpacity={1}
                    fillRule={1}
                    font={Object {}}
                    matrix={
                      Array [
                        1,
                        0,
                        0,
                        1,
                        0,
                        0,
                      ]
                    }
                    name="legend-labels-1"
                    opacity={1}
                    originX={0}
                    originY={0}
                    propList={Array []}
                    rotate={Array []}
                    rotation={0}
                    scaleX={1}
                    scaleY={1}
                    skewX={0}
                    skewY={0}
                    stroke={null}
                    strokeDasharray={null}
                    strokeDashoffset={null}
                    strokeLinecap={0}
                    strokeLinejoin={0}
                    strokeMiterlimit={4}
                    strokeOpacity={1}
                    strokeWidth={1}
                    vectorEffect={0}
                    x={
                      Array [
                        60.8,
                      ]
                    }
                    y={
                      Array [
                        84.905,
                      ]
                    }
                  >
                    <RNSVGTSpan
                      content="Finance"
                      dx={
                        Array [
                          0,
                        ]
                      }
                      dy={Array []}
                      fill={
                        Array [
                          0,
                          4280624421,
                        ]
                      }
                      fillOpacity={1}
                      fillRule={1}
                      font={
                        Object {
                          "fontFamily": "Gill Sans",
                          "fontSize": 14,
                          "letterSpacing": "normal",
                          "textAnchor": "start",
                        }
                      }
                      matrix={
                        Array [
                          1,
                          0,
                          0,
                          1,
                          0,
                          0,
                        ]
                      }
                      opacity={1}
                      originX={0}
                      originY={0}
                      propList={
                        Array [
                          "fill",
                        ]
                      }
                      rotate={Array []}
                      rotation={0}
                      scaleX={1}
                      scaleY={1}
                      skewX={0}
                      skewY={0}
                      stroke={null}
                      strokeDasharray={null}
                      strokeDashoffset={null}
                      strokeLinecap={0}
                      strokeLinejoin={0}
                      strokeMiterlimit={4}
                      strokeOpacity={1}
                      strokeWidth={1}
                      vectorEffect={0}
                      x={
                        Array [
                          60.8,
                        ]
                      }
                      y={Array []}
                    />
                  </RNSVGText>
                  <RNSVGText
                    content={null}
                    dx={
                      Array [
                        0,
                      ]
                    }
                    dy={
                      Array [
                        4.97,
                      ]
                    }
                    fill={
                      Array [
                        0,
                        4278190080,
                      ]
                    }
                    fillOpacity={1}
                    fillRule={1}
                    font={Object {}}
                    matrix={
                      Array [
                        1,
                        0,
                        0,
                        1,
                        0,
                        0,
                      ]
                    }
                    name="legend-labels-2"
                    opacity={1}
                    originX={0}
                    originY={0}
                    propList={Array []}
                    rotate={Array []}
                    rotation={0}
                    scaleX={1}
                    scaleY={1}
                    skewX={0}
                    skewY={0}
                    stroke={null}
                    strokeDasharray={null}
                    strokeDashoffset={null}
                    strokeLinecap={0}
                    strokeLinejoin={0}
                    strokeMiterlimit={4}
                    strokeOpacity={1}
                    strokeWidth={1}
                    vectorEffect={0}
                    x={
                      Array [
                        60.8,
                      ]
                    }
                    y={
                      Array [
                        115.81,
                      ]
                    }
                  >
                    <RNSVGTSpan
                      content="Energy"
                      dx={
                        Array [
                          0,
                        ]
                      }
                      dy={Array []}
                      fill={
                        Array [
                          0,
                          4280624421,
                        ]
                      }
                      fillOpacity={1}
                      fillRule={1}
                      font={
                        Object {
                          "fontFamily": "Gill Sans",
                          "fontSize": 14,
                          "letterSpacing": "normal",
                          "textAnchor": "start",
                        }
                      }
                      matrix={
                        Array [
                          1,
                          0,
                          0,
                          1,
                          0,
                          0,
                        ]
                      }
                      opacity={1}
                      originX={0}
                      originY={0}
                      propList={
                        Array [
                          "fill",
                        ]
                      }
                      rotate={Array []}
                      rotation={0}
                      scaleX={1}
                      scaleY={1}
                      skewX={0}
                      skewY={0}
                      stroke={null}
                      strokeDasharray={null}
                      strokeDashoffset={null}
                      strokeLinecap={0}
                      strokeLinejoin={0}
                      strokeMiterlimit={4}
                      strokeOpacity={1}
                      strokeWidth={1}
                      vectorEffect={0}
                      x={
                        Array [
                          60.8,
                        ]
                      }
                      y={Array []}
                    />
                  </RNSVGText>
                </RNSVGGroup>
              </RNSVGSvgView>
              <View
                pointerEvents="box-none"
                style={
                  Object {
                    "left": 0,
                    "position": "absolute",
                    "top": 0,
                    "zIndex": 99,
                  }
                }
              >
                <RNSVGSvgView
                  align="xMidYMid"
                  bbHeight={300}
                  bbWidth={750}
                  height={300}
                  meetOrSlice={0}
                  minX={0}
                  minY={0}
                  style={
                    Array [
                      Object {
                        "backgroundColor": "transparent",
                        "borderWidth": 0,
                      },
                      Object {
                        "height": "100%",
                        "overflow": "visible",
                        "width": "100%",
                      },
                      Object {
                        "opacity": 1,
                      },
                      Object {
                        "flex": 0,
                        "height": 300,
                        "width": 750,
                      },
                    ]
                  }
                  vbHeight={300}
                  vbWidth={750}
                  width={750}
                >
                  <RNSVGGroup
                    fill={
                      Array [
                        0,
                        4278190080,
                      ]
                    }
                    fillOpacity={1}
                    fillRule={1}
                    font={Object {}}
                    matrix={
                      Array [
                        1,
                        0,
                        0,
                        1,
                        0,
                        0,
                      ]
                    }
                    opacity={1}
                    originX={0}
                    originY={0}
                    propList={Array []}
                    rotation={0}
                    scaleX={1}
                    scaleY={1}
                    skewX={0}
                    skewY={0}
                    stroke={null}
                    strokeDasharray={null}
                    strokeDashoffset={null}
                    strokeLinecap={0}
                    strokeLinejoin={0}
                    strokeMiterlimit={4}
                    strokeOpacity={1}
                    strokeWidth={1}
                    vectorEffect={0}
                    x={0}
                    y={0}
                  />
                </RNSVGSvgView>
              </View>
            </View>
          </RNSVGGroup>
        </RNSVGSvgView>
        <View
          className="VictoryContainer"
          onMoveShouldSetResponder={[Function]}
          onMoveShouldSetResponderCapture={[Function]}
          onResponderEnd={[Function]}
          onResponderGrant={[Function]}
          onResponderMove={[Function]}
          onResponderReject={[Function]}
          onResponderRelease={[Function]}
          onResponderStart={[Function]}
          onResponderTerminate={[Function]}
          onResponderTerminationRequest={[Function]}
          onStartShouldSetResponder={[Function]}
          onStartShouldSetResponderCapture={[Function]}
          pointerEvents="box-none"
          style={
            Object {
              "position": "relative",
            }
          }
        >
          <RNSVGSvgView
            align="xMidYMid"
            bbHeight={200}
            bbWidth={180}
            height={200}
            meetOrSlice={0}
            minX={0}
            minY={0}
            role="img"
            style={
              Array [
                Object {
                  "backgroundColor": "transparent",
                  "borderWidth": 0,
                },
                Object {
                  "height": "100%",
                  "width": "100%",
                },
                Object {
                  "opacity": 1,
                },
                Object {
                  "flex": 0,
                  "height": 200,
                  "width": 180,
                },
              ]
            }
            vbHeight={200}
            vbWidth={180}
            width={180}
          >
            <RNSVGGroup
              fill={
                Array [
                  0,
                  4278190080,
                ]
              }
              fillOpacity={1}
              fillRule={1}
              font={Object {}}
              matrix={
                Array [
                  1,
                  0,
                  0,
                  1,
                  0,
                  0,
                ]
              }
              opacity={1}
              originX={0}
              originY={0}
              propList={Array []}
              rotation={0}
              scaleX={1}
              scaleY={1}
              skewX={0}
              skewY={0}
              stroke={null}
              strokeDasharray={null}
              strokeDashoffset={null}
              strokeLinecap={0}
              strokeLinejoin={0}
              strokeMiterlimit={4}
              strokeOpacity={1}
              strokeWidth={1}
              vectorEffect={0}
              x={0}
              y={0}
            >
              <RNSVGGroup
                fill={
                  Array [
                    0,
                    4278190080,
                  ]
                }
                fillOpacity={1}
                fillRule={1}
                font={Object {}}
                matrix={
                  Array [
                    1,
                    0,
                    0,
                    1,
                    0,
                    0,
                  ]
                }
                opacity={1}
                originX={0}
                originY={0}
                propList={Array []}
                rotation={0}
                scaleX={1}
                scaleY={1}
                skewX={0}
                skewY={0}
                stroke={null}
                strokeDasharray={null}
                strokeDashoffset={null}
                strokeLinecap={0}
                strokeLinejoin={0}
                strokeMiterlimit={4}
                strokeOpacity={1}
                strokeWidth={1}
                vectorEffect={0}
                x={0}
                y={0}
              >
                <RNSVGPath
                  d="M4.898587196589413e-15,-80A80,80,0,0,1,47.022820183397855,64.7213595499958L0,0Z"
                  fill={
                    Array [
                      0,
                      4285601538,
                    ]
                  }
                  fillOpacity={1}
                  fillRule={1}
                  matrix={
                    Array [
                      1,
                      0,
                      0,
                      1,
                      100,
                      100,
                    ]
                  }
                  opacity={1}
                  originX={0}
                  originY={0}
                  propList={
                    Array [
                      "fill",
                    ]
                  }
                  rotation={0}
                  scaleX={1}
                  scaleY={1}
                  skewX={0}
                  skewY={0}
                  stroke={null}
                  strokeDasharray={null}
                  strokeDashoffset={null}
                  strokeLinecap={0}
                  strokeLinejoin={0}
                  strokeMiterlimit={4}
                  strokeOpacity={1}
                  strokeWidth={1}
                  vectorEffect={0}
                  x={0}
                  y={0}
                />
                <RNSVGPath
                  d="M47.022820183397855,64.7213595499958A80,80,0,0,1,-76.08452130361228,24.7213595499958L0,0Z"
                  fill={
                    Array [
                      0,
                      4289271296,
                    ]
                  }
                  fillOpacity={1}
                  fillRule={1}
                  matrix={
                    Array [
                      1,
                      0,
                      0,
                      1,
                      100,
                      100,
                    ]
                  }
                  opacity={1}
                  originX={0}
                  originY={0}
                  propList={
                    Array [
                      "fill",
                    ]
                  }
                  rotation={0}
                  scaleX={1}
                  scaleY={1}
                  skewX={0}
                  skewY={0}
                  stroke={null}
                  strokeDasharray={null}
                  strokeDashoffset={null}
                  strokeLinecap={0}
                  strokeLinejoin={0}
                  strokeMiterlimit={4}
                  strokeOpacity={1}
                  strokeWidth={1}
                  vectorEffect={0}
                  x={0}
                  y={0}
                />
                <RNSVGPath
                  d="M-76.08452130361228,24.7213595499958A80,80,0,0,1,-1.4695761589768237e-14,-80L0,0Z"
                  fill={
                    Array [
                      0,
                      4292946944,
                    ]
                  }
                  fillOpacity={1}
                  fillRule={1}
                  matrix={
                    Array [
                      1,
                      0,
                      0,
                      1,
                      100,
                      100,
                    ]
                  }
                  opacity={1}
                  originX={0}
                  originY={0}
                  propList={
                    Array [
                      "fill",
                    ]
                  }
                  rotation={0}
                  scaleX={1}
                  scaleY={1}
                  skewX={0}
                  skewY={0}
                  stroke={null}
                  strokeDasharray={null}
                  strokeDashoffset={null}
                  strokeLinecap={0}
                  strokeLinejoin={0}
                  strokeMiterlimit={4}
                  strokeOpacity={1}
                  strokeWidth={1}
                  vectorEffect={0}
                  x={0}
                  y={0}
                />
                <RNSVGText
                  content={null}
                  dx={
                    Array [
                      0,
                    ]
                  }
                  dy={
                    Array [
                      4.97,
                    ]
                  }
                  fill={
                    Array [
                      0,
                      4278190080,
                    ]
                  }
                  fillOpacity={1}
                  fillRule={1}
                  font={Object {}}
                  matrix={
                    Array [
                      1,
                      0,
                      0,
                      1,
                      0,
                      0,
                    ]
                  }
                  name="pie-labels-0"
                  opacity={1}
                  originX={0}
                  originY={0}
                  propList={Array []}
                  rotate={Array []}
                  rotation={0}
                  scaleX={1}
                  scaleY={1}
                  skewX={0}
                  skewY={0}
                  stroke={null}
                  strokeDasharray={null}
                  strokeDashoffset={null}
                  strokeLinecap={0}
                  strokeLinejoin={0}
                  strokeMiterlimit={4}
                  strokeOpacity={1}
                  strokeWidth={1}
                  vectorEffect={0}
                  x={
                    Array [
                      128,
                    ]
                  }
                  y={
                    Array [
                      91,
                    ]
                  }
                >
                  <RNSVGTSpan
                    content="40%"
                    dx={
                      Array [
                        0,
                      ]
                    }
                    dy={Array []}
                    fill={
                      Array [
                        0,
                        4294967295,
                      ]
                    }
                    fillOpacity={1}
                    fillRule={1}
                    font={
                      Object {
                        "fontFamily": "Gill Sans",
                        "fontSize": 14,
                        "letterSpacing": "normal",
                        "textAnchor": "start",
                      }
                    }
                    matrix={
                      Array [
                        1,
                        0,
                        0,
                        1,
                        0,
                        0,
                      ]
                    }
                    opacity={1}
                    originX={0}
                    originY={0}
                    propList={
                      Array [
                        "fill",
                      ]
                    }
                    rotate={Array []}
                    rotation={0}
                    scaleX={1}
                    scaleY={1}
                    skewX={0}
                    skewY={0}
                    stroke={null}
                    strokeDasharray={null}
                    strokeDashoffset={null}
                    strokeLinecap={0}
                    strokeLinejoin={0}
                    strokeMiterlimit={4}
                    strokeOpacity={1}
                    strokeWidth={1}
                    vectorEffect={0}
                    x={
                      Array [
                        128,
                      ]
                    }
                    y={Array []}
                  />
                </RNSVGText>
                <RNSVGText
                  content={null}
                  dx={
                    Array [
                      0,
                    ]
                  }
                  dy={
                    Array [
                      11.969999999999999,
                    ]
                  }
                  fill={
                    Array [
                      0,
                      4278190080,
                    ]
                  }
                  fillOpacity={1}
                  fillRule={1}
                  font={Object {}}
                  matrix={
                    Array [
                      1,
                      0,
                      0,
                      1,
                      0,
                      0,
                    ]
                  }
                  name="pie-labels-1"
                  opacity={1}
                  originX={0}
                  originY={0}
                  propList={Array []}
                  rotate={Array []}
                  rotation={0}
                  scaleX={1}
                  scaleY={1}
                  skewX={0}
                  skewY={0}
                  stroke={null}
                  strokeDasharray={null}
                  strokeDashoffset={null}
                  strokeLinecap={0}
                  strokeLinejoin={0}
                  strokeMiterlimit={4}
                  strokeOpacity={1}
                  strokeWidth={1}
                  vectorEffect={0}
                  x={
                    Array [
                      91,
                    ]
                  }
                  y={
                    Array [
                      128,
                    ]
                  }
                >
                  <RNSVGTSpan
                    content="30%"
                    dx={
                      Array [
                        0,
                      ]
                    }
                    dy={Array []}
                    fill={
                      Array [
                        0,
                        4294967295,
                      ]
                    }
                    fillOpacity={1}
                    fillRule={1}
                    font={
                      Object {
                        "fontFamily": "Gill Sans",
                        "fontSize": 14,
                        "letterSpacing": "normal",
                        "textAnchor": "middle",
                      }
                    }
                    matrix={
                      Array [
                        1,
                        0,
                        0,
                        1,
                        0,
                        0,
                      ]
                    }
                    opacity={1}
                    originX={0}
                    originY={0}
                    propList={
                      Array [
                        "fill",
                      ]
                    }
                    rotate={Array []}
                    rotation={0}
                    scaleX={1}
                    scaleY={1}
                    skewX={0}
                    skewY={0}
                    stroke={null}
                    strokeDasharray={null}
                    strokeDashoffset={null}
                    strokeLinecap={0}
                    strokeLinejoin={0}
                    strokeMiterlimit={4}
                    strokeOpacity={1}
                    strokeWidth={1}
                    vectorEffect={0}
                    x={
                      Array [
                        91,
                      ]
                    }
                    y={Array []}
                  />
                </RNSVGText>
                <RNSVGText
                  content={null}
                  dx={
                    Array [
                      0,
                    ]
                  }
                  dy={
                    Array [
                      4.97,
                    ]
                  }
                  fill={
                    Array [
                      0,
                      4278190080,
                    ]
                  }
                  fillOpacity={1}
                  fillRule={1}
                  font={Object {}}
                  matrix={
                    Array [
                      1,
                      0,
                      0,
                      1,
                      0,
                      0,
                    ]
                  }
                  name="pie-labels-2"
                  opacity={1}
                  originX={0}
                  originY={0}
                  propList={Array []}
                  rotate={Array []}
                  rotation={0}
                  scaleX={1}
                  scaleY={1}
                  skewX={0}
                  skewY={0}
                  stroke={null}
                  strokeDasharray={null}
                  strokeDashoffset={null}
                  strokeLinecap={0}
                  strokeLinejoin={0}
                  strokeMiterlimit={4}
                  strokeOpacity={1}
                  strokeWidth={1}
                  vectorEffect={0}
                  x={
                    Array [
                      77,
                    ]
                  }
                  y={
                    Array [
                      83,
                    ]
                  }
                >
                  <RNSVGTSpan
                    content="30%"
                    dx={
                      Array [
                        0,
                      ]
                    }
                    dy={Array []}
                    fill={
                      Array [
                        0,
                        4294967295,
                      ]
                    }
                    fillOpacity={1}
                    fillRule={1}
                    font={
                      Object {
                        "fontFamily": "Gill Sans",
                        "fontSize": 14,
                        "letterSpacing": "normal",
                        "textAnchor": "end",
                      }
                    }
                    matrix={
                      Array [
                        1,
                        0,
                        0,
                        1,
                        0,
                        0,
                      ]
                    }
                    opacity={1}
                    originX={0}
                    originY={0}
                    propList={
                      Array [
                        "fill",
                      ]
                    }
                    rotate={Array []}
                    rotation={0}
                    scaleX={1}
                    scaleY={1}
                    skewX={0}
                    skewY={0}
                    stroke={null}
                    strokeDasharray={null}
                    strokeDashoffset={null}
                    strokeLinecap={0}
                    strokeLinejoin={0}
                    strokeMiterlimit={4}
                    strokeOpacity={1}
                    strokeWidth={1}
                    vectorEffect={0}
                    x={
                      Array [
                        77,
                      ]
                    }
                    y={Array []}
                  />
                </RNSVGText>
              </RNSVGGroup>
            </RNSVGGroup>
          </RNSVGSvgView>
          <View
            pointerEvents="box-none"
            style={
              Object {
                "left": 0,
                "position": "absolute",
                "top": 0,
                "zIndex": 99,
              }
            }
          >
            <RNSVGSvgView
              align="xMidYMid"
              bbHeight={200}
              bbWidth={180}
              height={200}
              meetOrSlice={0}
              minX={0}
              minY={0}
              style={
                Array [
                  Object {
                    "backgroundColor": "transparent",
                    "borderWidth": 0,
                  },
                  Object {
                    "height": "100%",
                    "overflow": "visible",
                    "width": "100%",
                  },
                  Object {
                    "opacity": 1,
                  },
                  Object {
                    "flex": 0,
                    "height": 200,
                    "width": 180,
                  },
                ]
              }
              vbHeight={200}
              vbWidth={180}
              width={180}
            >
              <RNSVGGroup
                fill={
                  Array [
                    0,
                    4278190080,
                  ]
                }
                fillOpacity={1}
                fillRule={1}
                font={Object {}}
                matrix={
                  Array [
                    1,
                    0,
                    0,
                    1,
                    0,
                    0,
                  ]
                }
                opacity={1}
                originX={0}
                originY={0}
                propList={Array []}
                rotation={0}
                scaleX={1}
                scaleY={1}
                skewX={0}
                skewY={0}
                stroke={null}
                strokeDasharray={null}
                strokeDashoffset={null}
                strokeLinecap={0}
                strokeLinejoin={0}
                strokeMiterlimit={4}
                strokeOpacity={1}
                strokeWidth={1}
                vectorEffect={0}
                x={0}
                y={0}
              />
            </RNSVGSvgView>
          </View>
        </View>
      </View>
    </View>
    <View
      style={
        Object {
          "display": "flex",
          "flexDirection": "row",
          "justifyContent": "flex-start",
        }
      }
    >
      <View
        accessible={true}
        isTVSelectable={true}
        onResponderGrant={[Function]}
        onResponderMove={[Function]}
        onResponderRelease={[Function]}
        onResponderTerminate={[Function]}
        onResponderTerminationRequest={[Function]}
        onStartShouldSetResponder={[Function]}
        style={
          Object {
            "opacity": 1,
          }
        }
      >
        <Text
          style={
            Object {
              "fontSize": 16,
              "height": 40,
              "padding": 12,
              "textAlign": "left",
            }
          }
        >
          SECTOR
        </Text>
      </View>
      <View
        accessible={true}
        isTVSelectable={true}
        onResponderGrant={[Function]}
        onResponderMove={[Function]}
        onResponderRelease={[Function]}
        onResponderTerminate={[Function]}
        onResponderTerminationRequest={[Function]}
        onStartShouldSetResponder={[Function]}
        style={
          Object {
            "opacity": 1,
          }
        }
      >
        <Text
          style={
            Object {
              "fontSize": 16,
              "height": 40,
              "padding": 12,
              "textAlign": "left",
            }
          }
        >
          GEOGRAPHY
        </Text>
      </View>
    </View>
  </View>
</View>
`;
