// Jest Snapshot v1, https://goo.gl/fbAQLP

exports[`<SegControl /> renders correctly 1`] = `
<View
  style={
    Object {
      "display": "flex",
      "flexDirection": "row",
      "justifyContent": "space-between",
    }
  }
>
  <View
    style={
      Array [
        Object {
          "fontSize": 12,
          "height": 50,
          "padding": 2,
          "textAlign": "center",
          "width": "50%",
        },
        Object {
          "borderBottomColor": "#e17055",
          "borderBottomWidth": 1,
        },
      ]
    }
  >
    <View
      accessibilityRole="button"
      accessibilityStates={Array []}
      accessible={true}
      isTVSelectable={true}
      onResponderGrant={[Function]}
      onResponderMove={[Function]}
      onResponderRelease={[Function]}
      onResponderTerminate={[Function]}
      onResponderTerminationRequest={[Function]}
      onStartShouldSetResponder={[Function]}
      style={
        Object {
          "opacity": 1,
        }
      }
    >
      <View
        style={
          Array [
            Object {},
          ]
        }
      >
        <Text
          style={
            Array [
              Object {
                "color": "#007AFF",
                "fontSize": 18,
                "padding": 8,
                "textAlign": "center",
              },
              Object {
                "color": "#e17055",
              },
            ]
          }
        >
          PORTFOLIO
        </Text>
      </View>
    </View>
  </View>
  <View
    style={
      Array [
        Object {
          "fontSize": 12,
          "height": 50,
          "padding": 2,
          "textAlign": "center",
          "width": "50%",
        },
        false,
      ]
    }
  >
    <View
      accessibilityRole="button"
      accessibilityStates={Array []}
      accessible={true}
      isTVSelectable={true}
      onResponderGrant={[Function]}
      onResponderMove={[Function]}
      onResponderRelease={[Function]}
      onResponderTerminate={[Function]}
      onResponderTerminationRequest={[Function]}
      onStartShouldSetResponder={[Function]}
      style={
        Object {
          "opacity": 1,
        }
      }
    >
      <View
        style={
          Array [
            Object {},
          ]
        }
      >
        <Text
          style={
            Array [
              Object {
                "color": "#007AFF",
                "fontSize": 18,
                "padding": 8,
                "textAlign": "center",
              },
              Object {
                "color": "#e17055",
              },
            ]
          }
        >
          WATCHLIST
        </Text>
      </View>
    </View>
  </View>
</View>
`;
