// Jest Snapshot v1, https://goo.gl/fbAQLP

exports[`<ValueInfo /> renders correctly 1`] = `
<View
  style={
    Object {
      "width": "100%",
    }
  }
>
  <Text
    style={
      Object {
        "fontSize": 16,
      }
    }
  >
    Value
  </Text>
  <View
    style={
      Object {
        "backgroundColor": "#fff",
        "borderBottomWidth": 0.5,
        "borderColor": "#ccc",
        "borderLeftWidth": 0.5,
        "borderRadius": 2,
        "borderRightWidth": 0.5,
        "borderTopWidth": 0.5,
        "elevation": 3,
        "flexWrap": "nowrap",
        "marginBottom": 5,
        "marginLeft": 2,
        "marginRight": 2,
        "marginTop": 5,
        "shadowColor": "#000",
        "shadowOffset": Object {
          "height": 2,
          "width": 0,
        },
        "shadowOpacity": 0.1,
        "shadowRadius": 1.5,
      }
    }
  >
    <View
      style={
        Object {
          "backgroundColor": "#DFF1FD",
        }
      }
    >
      <Text
        style={
          Object {
            "fontSize": 35,
            "height": 110,
            "padding": 20,
            "width": "100%",
          }
        }
      >
        Total Investment
      </Text>
      <Text
        style={
          Object {
            "color": "#e17055",
            "fontSize": 80,
            "height": 110,
            "padding": 10,
            "textAlign": "right",
            "width": "100%",
          }
        }
      >
        $ 
      </Text>
    </View>
    <View
      style={
        Object {
          "alignItems": "flex-start",
          "padding": 10,
        }
      }
    >
      <View
        accessible={true}
        isTVSelectable={true}
        onResponderGrant={[Function]}
        onResponderMove={[Function]}
        onResponderRelease={[Function]}
        onResponderTerminate={[Function]}
        onResponderTerminationRequest={[Function]}
        onStartShouldSetResponder={[Function]}
        style={
          Object {
            "alignItems": "center",
            "backgroundColor": "white",
            "borderBottomWidth": null,
            "borderColor": "#007aff",
            "borderLeftWidth": null,
            "borderRadius": 5,
            "borderRightWidth": null,
            "borderTopWidth": null,
            "borderWidth": undefined,
            "elevation": 2,
            "flexDirection": "row",
            "height": 45,
            "justifyContent": "space-between",
            "marginLeft": 10,
            "marginRight": 10,
            "opacity": 1,
            "paddingBottom": 6,
            "paddingLeft": 10,
            "paddingRight": 10,
            "paddingTop": 6,
            "shadowColor": undefined,
            "shadowOffset": undefined,
            "shadowOpacity": undefined,
            "shadowRadius": undefined,
          }
        }
      >
        <Text>
          INVESTMENT ACCOUNT
        </Text>
      </View>
    </View>
  </View>
</View>
`;
