// Jest Snapshot v1, https://goo.gl/fbAQLP

exports[`<ChartDetail /> renders correctly 1`] = `
<View
  style={
    Object {
      "alignContent": "center",
      "display": "flex",
      "flexDirection": "row",
      "justifyContent": "space-around",
      "width": "100%",
    }
  }
>
  <View
    style={
      Object {
        "marginLeft": -40,
        "width": "64%",
      }
    }
  >
    <View
      className="VictoryContainer"
      onMoveShouldSetResponder={[Function]}
      onMoveShouldSetResponderCapture={[Function]}
      onResponderEnd={[Function]}
      onResponderGrant={[Function]}
      onResponderMove={[Function]}
      onResponderReject={[Function]}
      onResponderRelease={[Function]}
      onResponderStart={[Function]}
      onResponderTerminate={[Function]}
      onResponderTerminationRequest={[Function]}
      onStartShouldSetResponder={[Function]}
      onStartShouldSetResponderCapture={[Function]}
      pointerEvents="box-none"
      style={
        Object {
          "position": "relative",
        }
      }
    >
      <RNSVGSvgView
        align="xMidYMid"
        bbHeight={190}
        bbWidth={280}
        height={190}
        meetOrSlice={0}
        minX={0}
        minY={0}
        role="img"
        style={
          Array [
            Object {
              "backgroundColor": "transparent",
              "borderWidth": 0,
            },
            Object {
              "height": "100%",
              "width": "100%",
            },
            Object {
              "opacity": 1,
            },
            Object {
              "flex": 0,
              "height": 190,
              "width": 280,
            },
          ]
        }
        vbHeight={190}
        vbWidth={280}
        width={280}
      >
        <RNSVGGroup
          fill={
            Array [
              0,
              4278190080,
            ]
          }
          fillOpacity={1}
          fillRule={1}
          font={Object {}}
          matrix={
            Array [
              1,
              0,
              0,
              1,
              0,
              0,
            ]
          }
          opacity={1}
          originX={0}
          originY={0}
          propList={Array []}
          rotation={0}
          scaleX={1}
          scaleY={1}
          skewX={0}
          skewY={0}
          stroke={null}
          strokeDasharray={null}
          strokeDashoffset={null}
          strokeLinecap={0}
          strokeLinejoin={0}
          strokeMiterlimit={4}
          strokeOpacity={1}
          strokeWidth={1}
          vectorEffect={0}
          x={0}
          y={0}
        >
          <RNSVGGroup
            clipPath="victory-clip-2"
            fill={
              Array [
                0,
                4278190080,
              ]
            }
            fillOpacity={1}
            fillRule={1}
            font={Object {}}
            matrix={
              Array [
                1,
                0,
                0,
                1,
                0,
                0,
              ]
            }
            opacity={1}
            originX={0}
            originY={0}
            propList={Array []}
            rotation={0}
            scaleX={1}
            scaleY={1}
            skewX={0}
            skewY={0}
            stroke={null}
            strokeDasharray={null}
            strokeDashoffset={null}
            strokeLinecap={0}
            strokeLinejoin={0}
            strokeMiterlimit={4}
            strokeOpacity={1}
            strokeWidth={1}
            vectorEffect={0}
            x={0}
            y={0}
          >
            <RNSVGGroup
              fill={
                Array [
                  0,
                  4278190080,
                ]
              }
              fillOpacity={1}
              fillRule={1}
              font={Object {}}
              matrix={
                Array [
                  1,
                  0,
                  0,
                  1,
                  0,
                  0,
                ]
              }
              opacity={1}
              originX={0}
              originY={0}
              propList={Array []}
              rotation={0}
              scaleX={1}
              scaleY={1}
              skewX={0}
              skewY={0}
              stroke={null}
              strokeDasharray={null}
              strokeDashoffset={null}
              strokeLinecap={0}
              strokeLinejoin={0}
              strokeMiterlimit={4}
              strokeOpacity={1}
              strokeWidth={1}
              vectorEffect={0}
              x={0}
              y={0}
            >
              <RNSVGDefs>
                <RNSVGClipPath
                  name="victory-clip-2"
                >
                  <RNSVGRect
                    fill={
                      Array [
                        0,
                        4278190080,
                      ]
                    }
                    fillOpacity={1}
                    fillRule={1}
                    height={90}
                    matrix={
                      Array [
                        1,
                        0,
                        0,
                        1,
                        0,
                        0,
                      ]
                    }
                    opacity={1}
                    originX={0}
                    originY={0}
                    propList={Array []}
                    rotation={0}
                    rx={0}
                    ry={0}
                    scaleX={1}
                    scaleY={1}
                    skewX={0}
                    skewY={0}
                    stroke={null}
                    strokeDasharray={null}
                    strokeDashoffset={null}
                    strokeLinecap={0}
                    strokeLinejoin={0}
                    strokeMiterlimit={4}
                    strokeOpacity={1}
                    strokeWidth={1}
                    vectorEffect={1}
                    width={180}
                    x={50}
                    y={50}
                  />
                </RNSVGClipPath>
              </RNSVGDefs>
            </RNSVGGroup>
            <RNSVGPath
              d={null}
              fill={
                Array [
                  0,
                  0,
                ]
              }
              fillOpacity={1}
              fillRule={1}
              matrix={
                Array [
                  1,
                  0,
                  0,
                  1,
                  0,
                  0,
                ]
              }
              opacity={1}
              originX={0}
              originY={0}
              propList={
                Array [
                  "fill",
                  "stroke",
                  "strokeWidth",
                ]
              }
              rotation={0}
              scaleX={1}
              scaleY={1}
              skewX={0}
              skewY={0}
              stroke={
                Array [
                  0,
                  4294602299,
                ]
              }
              strokeDasharray={null}
              strokeDashoffset={null}
              strokeLinecap={0}
              strokeLinejoin={0}
              strokeMiterlimit={4}
              strokeOpacity={1}
              strokeWidth={2}
              vectorEffect={0}
              x={0}
              y={0}
            />
          </RNSVGGroup>
          <RNSVGGroup
            fill={
              Array [
                0,
                4278190080,
              ]
            }
            fillOpacity={1}
            fillRule={1}
            font={Object {}}
            matrix={
              Array [
                1,
                0,
                0,
                1,
                0,
                0,
              ]
            }
            opacity={1}
            originX={0}
            originY={0}
            propList={Array []}
            rotation={0}
            scaleX={1}
            scaleY={1}
            skewX={0}
            skewY={0}
            stroke={null}
            strokeDasharray={null}
            strokeDashoffset={null}
            strokeLinecap={0}
            strokeLinejoin={0}
            strokeMiterlimit={4}
            strokeOpacity={1}
            strokeWidth={1}
            vectorEffect={0}
            x={0}
            y={0}
          />
          <RNSVGGroup
            fill={
              Array [
                0,
                4278190080,
              ]
            }
            fillOpacity={1}
            fillRule={1}
            font={Object {}}
            matrix={
              Array [
                1,
                0,
                0,
                1,
                0,
                0,
              ]
            }
            opacity={1}
            originX={0}
            originY={0}
            propList={Array []}
            rotation={0}
            scaleX={1}
            scaleY={1}
            skewX={0}
            skewY={0}
            stroke={null}
            strokeDasharray={null}
            strokeDashoffset={null}
            strokeLinecap={0}
            strokeLinejoin={0}
            strokeMiterlimit={4}
            strokeOpacity={1}
            strokeWidth={1}
            vectorEffect={0}
            x={0}
            y={0}
          >
            <RNSVGLine
              fill={
                Array [
                  0,
                  0,
                ]
              }
              fillOpacity={1}
              fillRule={1}
              matrix={
                Array [
                  1,
                  0,
                  0,
                  1,
                  0,
                  0,
                ]
              }
              opacity={1}
              originX={0}
              originY={0}
              propList={
                Array [
                  "fill",
                ]
              }
              rotation={0}
              scaleX={1}
              scaleY={1}
              skewX={0}
              skewY={0}
              stroke={null}
              strokeDasharray={null}
              strokeDashoffset={null}
              strokeLinecap={0}
              strokeLinejoin={0}
              strokeMiterlimit={4}
              strokeOpacity={1}
              strokeWidth={1}
              vectorEffect={1}
              x={0}
              x1={50}
              x2={230}
              y={0}
              y1={140}
              y2={140}
            />
            <RNSVGGroup
              fill={
                Array [
                  0,
                  4278190080,
                ]
              }
              fillOpacity={1}
              fillRule={1}
              font={Object {}}
              matrix={
                Array [
                  1,
                  0,
                  0,
                  1,
                  0,
                  0,
                ]
              }
              opacity={1}
              originX={0}
              originY={0}
              propList={Array []}
              rotation={0}
              scaleX={1}
              scaleY={1}
              skewX={0}
              skewY={0}
              stroke={null}
              strokeDasharray={null}
              strokeDashoffset={null}
              strokeLinecap={0}
              strokeLinejoin={0}
              strokeMiterlimit={4}
              strokeOpacity={1}
              strokeWidth={1}
              vectorEffect={0}
              x={0}
              y={0}
            >
              <RNSVGLine
                fill={null}
                fillOpacity={1}
                fillRule={1}
                matrix={
                  Array [
                    1,
                    0,
                    0,
                    1,
                    0,
                    0,
                  ]
                }
                opacity={1}
                originX={0}
                originY={0}
                propList={
                  Array [
                    "fill",
                    "stroke",
                    "strokeDasharray",
                    "strokeLinecap",
                    "strokeLinejoin",
                  ]
                }
                rotation={0}
                scaleX={1}
                scaleY={1}
                skewX={0}
                skewY={0}
                stroke={
                  Array [
                    0,
                    4293718001,
                  ]
                }
                strokeDasharray={
                  Array [
                    "10",
                    "5",
                  ]
                }
                strokeDashoffset={null}
                strokeLinecap={1}
                strokeLinejoin={1}
                strokeMiterlimit={4}
                strokeOpacity={1}
                strokeWidth={1}
                vectorEffect={1}
                x={0}
                x1={86}
                x2={86}
                y={0}
                y1={140}
                y2={50}
              />
              <RNSVGLine
                fill={
                  Array [
                    0,
                    0,
                  ]
                }
                fillOpacity={1}
                fillRule={1}
                matrix={
                  Array [
                    1,
                    0,
                    0,
                    1,
                    0,
                    0,
                  ]
                }
                opacity={1}
                originX={0}
                originY={0}
                propList={
                  Array [
                    "fill",
                    "stroke",
                    "strokeWidth",
                    "strokeLinecap",
                    "strokeLinejoin",
                  ]
                }
                rotation={0}
                scaleX={1}
                scaleY={1}
                skewX={0}
                skewY={0}
                stroke={
                  Array [
                    0,
                    4287669422,
                  ]
                }
                strokeDasharray={null}
                strokeDashoffset={null}
                strokeLinecap={1}
                strokeLinejoin={1}
                strokeMiterlimit={4}
                strokeOpacity={1}
                strokeWidth={1}
                vectorEffect={1}
                x={0}
                x1={86}
                x2={86}
                y={0}
                y1={140}
                y2={145}
              />
              <RNSVGText
                content={null}
                dx={
                  Array [
                    0,
                  ]
                }
                dy={
                  Array [
                    10.26,
                  ]
                }
                fill={
                  Array [
                    0,
                    4278190080,
                  ]
                }
                fillOpacity={1}
                fillRule={1}
                font={Object {}}
                matrix={
                  Array [
                    1,
                    0,
                    0,
                    1,
                    0,
                    0,
                  ]
                }
                name="chart-axis-2-tickLabels-0"
                opacity={1}
                originX={0}
                originY={0}
                propList={Array []}
                rotate={Array []}
                rotation={0}
                scaleX={1}
                scaleY={1}
                skewX={0}
                skewY={0}
                stroke={null}
                strokeDasharray={null}
                strokeDashoffset={null}
                strokeLinecap={0}
                strokeLinejoin={0}
                strokeMiterlimit={4}
                strokeOpacity={1}
                strokeWidth={1}
                vectorEffect={0}
                x={
                  Array [
                    86,
                  ]
                }
                y={
                  Array [
                    153,
                  ]
                }
              >
                <RNSVGTSpan
                  content="0.2"
                  dx={
                    Array [
                      0,
                    ]
                  }
                  dy={Array []}
                  fill={
                    Array [
                      0,
                      4282735204,
                    ]
                  }
                  fillOpacity={1}
                  fillRule={1}
                  font={
                    Object {
                      "fontFamily": "Roboto",
                      "fontSize": 12,
                      "letterSpacing": "normal",
                      "textAnchor": "middle",
                    }
                  }
                  matrix={
                    Array [
                      1,
                      0,
                      0,
                      1,
                      0,
                      0,
                    ]
                  }
                  opacity={1}
                  originX={0}
                  originY={0}
                  propList={
                    Array [
                      "fill",
                    ]
                  }
                  rotate={Array []}
                  rotation={0}
                  scaleX={1}
                  scaleY={1}
                  skewX={0}
                  skewY={0}
                  stroke={null}
                  strokeDasharray={null}
                  strokeDashoffset={null}
                  strokeLinecap={0}
                  strokeLinejoin={0}
                  strokeMiterlimit={4}
                  strokeOpacity={1}
                  strokeWidth={1}
                  vectorEffect={0}
                  x={
                    Array [
                      86,
                    ]
                  }
                  y={Array []}
                />
              </RNSVGText>
            </RNSVGGroup>
            <RNSVGGroup
              fill={
                Array [
                  0,
                  4278190080,
                ]
              }
              fillOpacity={1}
              fillRule={1}
              font={Object {}}
              matrix={
                Array [
                  1,
                  0,
                  0,
                  1,
                  0,
                  0,
                ]
              }
              opacity={1}
              originX={0}
              originY={0}
              propList={Array []}
              rotation={0}
              scaleX={1}
              scaleY={1}
              skewX={0}
              skewY={0}
              stroke={null}
              strokeDasharray={null}
              strokeDashoffset={null}
              strokeLinecap={0}
              strokeLinejoin={0}
              strokeMiterlimit={4}
              strokeOpacity={1}
              strokeWidth={1}
              vectorEffect={0}
              x={0}
              y={0}
            >
              <RNSVGLine
                fill={null}
                fillOpacity={1}
                fillRule={1}
                matrix={
                  Array [
                    1,
                    0,
                    0,
                    1,
                    0,
                    0,
                  ]
                }
                opacity={1}
                originX={0}
                originY={0}
                propList={
                  Array [
                    "fill",
                    "stroke",
                    "strokeDasharray",
                    "strokeLinecap",
                    "strokeLinejoin",
                  ]
                }
                rotation={0}
                scaleX={1}
                scaleY={1}
                skewX={0}
                skewY={0}
                stroke={
                  Array [
                    0,
                    4293718001,
                  ]
                }
                strokeDasharray={
                  Array [
                    "10",
                    "5",
                  ]
                }
                strokeDashoffset={null}
                strokeLinecap={1}
                strokeLinejoin={1}
                strokeMiterlimit={4}
                strokeOpacity={1}
                strokeWidth={1}
                vectorEffect={1}
                x={0}
                x1={122}
                x2={122}
                y={0}
                y1={140}
                y2={50}
              />
              <RNSVGLine
                fill={
                  Array [
                    0,
                    0,
                  ]
                }
                fillOpacity={1}
                fillRule={1}
                matrix={
                  Array [
                    1,
                    0,
                    0,
                    1,
                    0,
                    0,
                  ]
                }
                opacity={1}
                originX={0}
                originY={0}
                propList={
                  Array [
                    "fill",
                    "stroke",
                    "strokeWidth",
                    "strokeLinecap",
                    "strokeLinejoin",
                  ]
                }
                rotation={0}
                scaleX={1}
                scaleY={1}
                skewX={0}
                skewY={0}
                stroke={
                  Array [
                    0,
                    4287669422,
                  ]
                }
                strokeDasharray={null}
                strokeDashoffset={null}
                strokeLinecap={1}
                strokeLinejoin={1}
                strokeMiterlimit={4}
                strokeOpacity={1}
                strokeWidth={1}
                vectorEffect={1}
                x={0}
                x1={122}
                x2={122}
                y={0}
                y1={140}
                y2={145}
              />
              <RNSVGText
                content={null}
                dx={
                  Array [
                    0,
                  ]
                }
                dy={
                  Array [
                    10.26,
                  ]
                }
                fill={
                  Array [
                    0,
                    4278190080,
                  ]
                }
                fillOpacity={1}
                fillRule={1}
                font={Object {}}
                matrix={
                  Array [
                    1,
                    0,
                    0,
                    1,
                    0,
                    0,
                  ]
                }
                name="chart-axis-2-tickLabels-1"
                opacity={1}
                originX={0}
                originY={0}
                propList={Array []}
                rotate={Array []}
                rotation={0}
                scaleX={1}
                scaleY={1}
                skewX={0}
                skewY={0}
                stroke={null}
                strokeDasharray={null}
                strokeDashoffset={null}
                strokeLinecap={0}
                strokeLinejoin={0}
                strokeMiterlimit={4}
                strokeOpacity={1}
                strokeWidth={1}
                vectorEffect={0}
                x={
                  Array [
                    122,
                  ]
                }
                y={
                  Array [
                    153,
                  ]
                }
              >
                <RNSVGTSpan
                  content="0.4"
                  dx={
                    Array [
                      0,
                    ]
                  }
                  dy={Array []}
                  fill={
                    Array [
                      0,
                      4282735204,
                    ]
                  }
                  fillOpacity={1}
                  fillRule={1}
                  font={
                    Object {
                      "fontFamily": "Roboto",
                      "fontSize": 12,
                      "letterSpacing": "normal",
                      "textAnchor": "middle",
                    }
                  }
                  matrix={
                    Array [
                      1,
                      0,
                      0,
                      1,
                      0,
                      0,
                    ]
                  }
                  opacity={1}
                  originX={0}
                  originY={0}
                  propList={
                    Array [
                      "fill",
                    ]
                  }
                  rotate={Array []}
                  rotation={0}
                  scaleX={1}
                  scaleY={1}
                  skewX={0}
                  skewY={0}
                  stroke={null}
                  strokeDasharray={null}
                  strokeDashoffset={null}
                  strokeLinecap={0}
                  strokeLinejoin={0}
                  strokeMiterlimit={4}
                  strokeOpacity={1}
                  strokeWidth={1}
                  vectorEffect={0}
                  x={
                    Array [
                      122,
                    ]
                  }
                  y={Array []}
                />
              </RNSVGText>
            </RNSVGGroup>
            <RNSVGGroup
              fill={
                Array [
                  0,
                  4278190080,
                ]
              }
              fillOpacity={1}
              fillRule={1}
              font={Object {}}
              matrix={
                Array [
                  1,
                  0,
                  0,
                  1,
                  0,
                  0,
                ]
              }
              opacity={1}
              originX={0}
              originY={0}
              propList={Array []}
              rotation={0}
              scaleX={1}
              scaleY={1}
              skewX={0}
              skewY={0}
              stroke={null}
              strokeDasharray={null}
              strokeDashoffset={null}
              strokeLinecap={0}
              strokeLinejoin={0}
              strokeMiterlimit={4}
              strokeOpacity={1}
              strokeWidth={1}
              vectorEffect={0}
              x={0}
              y={0}
            >
              <RNSVGLine
                fill={null}
                fillOpacity={1}
                fillRule={1}
                matrix={
                  Array [
                    1,
                    0,
                    0,
                    1,
                    0,
                    0,
                  ]
                }
                opacity={1}
                originX={0}
                originY={0}
                propList={
                  Array [
                    "fill",
                    "stroke",
                    "strokeDasharray",
                    "strokeLinecap",
                    "strokeLinejoin",
                  ]
                }
                rotation={0}
                scaleX={1}
                scaleY={1}
                skewX={0}
                skewY={0}
                stroke={
                  Array [
                    0,
                    4293718001,
                  ]
                }
                strokeDasharray={
                  Array [
                    "10",
                    "5",
                  ]
                }
                strokeDashoffset={null}
                strokeLinecap={1}
                strokeLinejoin={1}
                strokeMiterlimit={4}
                strokeOpacity={1}
                strokeWidth={1}
                vectorEffect={1}
                x={0}
                x1={158}
                x2={158}
                y={0}
                y1={140}
                y2={50}
              />
              <RNSVGLine
                fill={
                  Array [
                    0,
                    0,
                  ]
                }
                fillOpacity={1}
                fillRule={1}
                matrix={
                  Array [
                    1,
                    0,
                    0,
                    1,
                    0,
                    0,
                  ]
                }
                opacity={1}
                originX={0}
                originY={0}
                propList={
                  Array [
                    "fill",
                    "stroke",
                    "strokeWidth",
                    "strokeLinecap",
                    "strokeLinejoin",
                  ]
                }
                rotation={0}
                scaleX={1}
                scaleY={1}
                skewX={0}
                skewY={0}
                stroke={
                  Array [
                    0,
                    4287669422,
                  ]
                }
                strokeDasharray={null}
                strokeDashoffset={null}
                strokeLinecap={1}
                strokeLinejoin={1}
                strokeMiterlimit={4}
                strokeOpacity={1}
                strokeWidth={1}
                vectorEffect={1}
                x={0}
                x1={158}
                x2={158}
                y={0}
                y1={140}
                y2={145}
              />
              <RNSVGText
                content={null}
                dx={
                  Array [
                    0,
                  ]
                }
                dy={
                  Array [
                    10.26,
                  ]
                }
                fill={
                  Array [
                    0,
                    4278190080,
                  ]
                }
                fillOpacity={1}
                fillRule={1}
                font={Object {}}
                matrix={
                  Array [
                    1,
                    0,
                    0,
                    1,
                    0,
                    0,
                  ]
                }
                name="chart-axis-2-tickLabels-2"
                opacity={1}
                originX={0}
                originY={0}
                propList={Array []}
                rotate={Array []}
                rotation={0}
                scaleX={1}
                scaleY={1}
                skewX={0}
                skewY={0}
                stroke={null}
                strokeDasharray={null}
                strokeDashoffset={null}
                strokeLinecap={0}
                strokeLinejoin={0}
                strokeMiterlimit={4}
                strokeOpacity={1}
                strokeWidth={1}
                vectorEffect={0}
                x={
                  Array [
                    158,
                  ]
                }
                y={
                  Array [
                    153,
                  ]
                }
              >
                <RNSVGTSpan
                  content="0.6"
                  dx={
                    Array [
                      0,
                    ]
                  }
                  dy={Array []}
                  fill={
                    Array [
                      0,
                      4282735204,
                    ]
                  }
                  fillOpacity={1}
                  fillRule={1}
                  font={
                    Object {
                      "fontFamily": "Roboto",
                      "fontSize": 12,
                      "letterSpacing": "normal",
                      "textAnchor": "middle",
                    }
                  }
                  matrix={
                    Array [
                      1,
                      0,
                      0,
                      1,
                      0,
                      0,
                    ]
                  }
                  opacity={1}
                  originX={0}
                  originY={0}
                  propList={
                    Array [
                      "fill",
                    ]
                  }
                  rotate={Array []}
                  rotation={0}
                  scaleX={1}
                  scaleY={1}
                  skewX={0}
                  skewY={0}
                  stroke={null}
                  strokeDasharray={null}
                  strokeDashoffset={null}
                  strokeLinecap={0}
                  strokeLinejoin={0}
                  strokeMiterlimit={4}
                  strokeOpacity={1}
                  strokeWidth={1}
                  vectorEffect={0}
                  x={
                    Array [
                      158,
                    ]
                  }
                  y={Array []}
                />
              </RNSVGText>
            </RNSVGGroup>
            <RNSVGGroup
              fill={
                Array [
                  0,
                  4278190080,
                ]
              }
              fillOpacity={1}
              fillRule={1}
              font={Object {}}
              matrix={
                Array [
                  1,
                  0,
                  0,
                  1,
                  0,
                  0,
                ]
              }
              opacity={1}
              originX={0}
              originY={0}
              propList={Array []}
              rotation={0}
              scaleX={1}
              scaleY={1}
              skewX={0}
              skewY={0}
              stroke={null}
              strokeDasharray={null}
              strokeDashoffset={null}
              strokeLinecap={0}
              strokeLinejoin={0}
              strokeMiterlimit={4}
              strokeOpacity={1}
              strokeWidth={1}
              vectorEffect={0}
              x={0}
              y={0}
            >
              <RNSVGLine
                fill={null}
                fillOpacity={1}
                fillRule={1}
                matrix={
                  Array [
                    1,
                    0,
                    0,
                    1,
                    0,
                    0,
                  ]
                }
                opacity={1}
                originX={0}
                originY={0}
                propList={
                  Array [
                    "fill",
                    "stroke",
                    "strokeDasharray",
                    "strokeLinecap",
                    "strokeLinejoin",
                  ]
                }
                rotation={0}
                scaleX={1}
                scaleY={1}
                skewX={0}
                skewY={0}
                stroke={
                  Array [
                    0,
                    4293718001,
                  ]
                }
                strokeDasharray={
                  Array [
                    "10",
                    "5",
                  ]
                }
                strokeDashoffset={null}
                strokeLinecap={1}
                strokeLinejoin={1}
                strokeMiterlimit={4}
                strokeOpacity={1}
                strokeWidth={1}
                vectorEffect={1}
                x={0}
                x1={194}
                x2={194}
                y={0}
                y1={140}
                y2={50}
              />
              <RNSVGLine
                fill={
                  Array [
                    0,
                    0,
                  ]
                }
                fillOpacity={1}
                fillRule={1}
                matrix={
                  Array [
                    1,
                    0,
                    0,
                    1,
                    0,
                    0,
                  ]
                }
                opacity={1}
                originX={0}
                originY={0}
                propList={
                  Array [
                    "fill",
                    "stroke",
                    "strokeWidth",
                    "strokeLinecap",
                    "strokeLinejoin",
                  ]
                }
                rotation={0}
                scaleX={1}
                scaleY={1}
                skewX={0}
                skewY={0}
                stroke={
                  Array [
                    0,
                    4287669422,
                  ]
                }
                strokeDasharray={null}
                strokeDashoffset={null}
                strokeLinecap={1}
                strokeLinejoin={1}
                strokeMiterlimit={4}
                strokeOpacity={1}
                strokeWidth={1}
                vectorEffect={1}
                x={0}
                x1={194}
                x2={194}
                y={0}
                y1={140}
                y2={145}
              />
              <RNSVGText
                content={null}
                dx={
                  Array [
                    0,
                  ]
                }
                dy={
                  Array [
                    10.26,
                  ]
                }
                fill={
                  Array [
                    0,
                    4278190080,
                  ]
                }
                fillOpacity={1}
                fillRule={1}
                font={Object {}}
                matrix={
                  Array [
                    1,
                    0,
                    0,
                    1,
                    0,
                    0,
                  ]
                }
                name="chart-axis-2-tickLabels-3"
                opacity={1}
                originX={0}
                originY={0}
                propList={Array []}
                rotate={Array []}
                rotation={0}
                scaleX={1}
                scaleY={1}
                skewX={0}
                skewY={0}
                stroke={null}
                strokeDasharray={null}
                strokeDashoffset={null}
                strokeLinecap={0}
                strokeLinejoin={0}
                strokeMiterlimit={4}
                strokeOpacity={1}
                strokeWidth={1}
                vectorEffect={0}
                x={
                  Array [
                    194,
                  ]
                }
                y={
                  Array [
                    153,
                  ]
                }
              >
                <RNSVGTSpan
                  content="0.8"
                  dx={
                    Array [
                      0,
                    ]
                  }
                  dy={Array []}
                  fill={
                    Array [
                      0,
                      4282735204,
                    ]
                  }
                  fillOpacity={1}
                  fillRule={1}
                  font={
                    Object {
                      "fontFamily": "Roboto",
                      "fontSize": 12,
                      "letterSpacing": "normal",
                      "textAnchor": "middle",
                    }
                  }
                  matrix={
                    Array [
                      1,
                      0,
                      0,
                      1,
                      0,
                      0,
                    ]
                  }
                  opacity={1}
                  originX={0}
                  originY={0}
                  propList={
                    Array [
                      "fill",
                    ]
                  }
                  rotate={Array []}
                  rotation={0}
                  scaleX={1}
                  scaleY={1}
                  skewX={0}
                  skewY={0}
                  stroke={null}
                  strokeDasharray={null}
                  strokeDashoffset={null}
                  strokeLinecap={0}
                  strokeLinejoin={0}
                  strokeMiterlimit={4}
                  strokeOpacity={1}
                  strokeWidth={1}
                  vectorEffect={0}
                  x={
                    Array [
                      194,
                    ]
                  }
                  y={Array []}
                />
              </RNSVGText>
            </RNSVGGroup>
            <RNSVGGroup
              fill={
                Array [
                  0,
                  4278190080,
                ]
              }
              fillOpacity={1}
              fillRule={1}
              font={Object {}}
              matrix={
                Array [
                  1,
                  0,
                  0,
                  1,
                  0,
                  0,
                ]
              }
              opacity={1}
              originX={0}
              originY={0}
              propList={Array []}
              rotation={0}
              scaleX={1}
              scaleY={1}
              skewX={0}
              skewY={0}
              stroke={null}
              strokeDasharray={null}
              strokeDashoffset={null}
              strokeLinecap={0}
              strokeLinejoin={0}
              strokeMiterlimit={4}
              strokeOpacity={1}
              strokeWidth={1}
              vectorEffect={0}
              x={0}
              y={0}
            >
              <RNSVGLine
                fill={null}
                fillOpacity={1}
                fillRule={1}
                matrix={
                  Array [
                    1,
                    0,
                    0,
                    1,
                    0,
                    0,
                  ]
                }
                opacity={1}
                originX={0}
                originY={0}
                propList={
                  Array [
                    "fill",
                    "stroke",
                    "strokeDasharray",
                    "strokeLinecap",
                    "strokeLinejoin",
                  ]
                }
                rotation={0}
                scaleX={1}
                scaleY={1}
                skewX={0}
                skewY={0}
                stroke={
                  Array [
                    0,
                    4293718001,
                  ]
                }
                strokeDasharray={
                  Array [
                    "10",
                    "5",
                  ]
                }
                strokeDashoffset={null}
                strokeLinecap={1}
                strokeLinejoin={1}
                strokeMiterlimit={4}
                strokeOpacity={1}
                strokeWidth={1}
                vectorEffect={1}
                x={0}
                x1={230}
                x2={230}
                y={0}
                y1={140}
                y2={50}
              />
              <RNSVGLine
                fill={
                  Array [
                    0,
                    0,
                  ]
                }
                fillOpacity={1}
                fillRule={1}
                matrix={
                  Array [
                    1,
                    0,
                    0,
                    1,
                    0,
                    0,
                  ]
                }
                opacity={1}
                originX={0}
                originY={0}
                propList={
                  Array [
                    "fill",
                    "stroke",
                    "strokeWidth",
                    "strokeLinecap",
                    "strokeLinejoin",
                  ]
                }
                rotation={0}
                scaleX={1}
                scaleY={1}
                skewX={0}
                skewY={0}
                stroke={
                  Array [
                    0,
                    4287669422,
                  ]
                }
                strokeDasharray={null}
                strokeDashoffset={null}
                strokeLinecap={1}
                strokeLinejoin={1}
                strokeMiterlimit={4}
                strokeOpacity={1}
                strokeWidth={1}
                vectorEffect={1}
                x={0}
                x1={230}
                x2={230}
                y={0}
                y1={140}
                y2={145}
              />
              <RNSVGText
                content={null}
                dx={
                  Array [
                    0,
                  ]
                }
                dy={
                  Array [
                    10.26,
                  ]
                }
                fill={
                  Array [
                    0,
                    4278190080,
                  ]
                }
                fillOpacity={1}
                fillRule={1}
                font={Object {}}
                matrix={
                  Array [
                    1,
                    0,
                    0,
                    1,
                    0,
                    0,
                  ]
                }
                name="chart-axis-2-tickLabels-4"
                opacity={1}
                originX={0}
                originY={0}
                propList={Array []}
                rotate={Array []}
                rotation={0}
                scaleX={1}
                scaleY={1}
                skewX={0}
                skewY={0}
                stroke={null}
                strokeDasharray={null}
                strokeDashoffset={null}
                strokeLinecap={0}
                strokeLinejoin={0}
                strokeMiterlimit={4}
                strokeOpacity={1}
                strokeWidth={1}
                vectorEffect={0}
                x={
                  Array [
                    230,
                  ]
                }
                y={
                  Array [
                    153,
                  ]
                }
              >
                <RNSVGTSpan
                  content="1"
                  dx={
                    Array [
                      0,
                    ]
                  }
                  dy={Array []}
                  fill={
                    Array [
                      0,
                      4282735204,
                    ]
                  }
                  fillOpacity={1}
                  fillRule={1}
                  font={
                    Object {
                      "fontFamily": "Roboto",
                      "fontSize": 12,
                      "letterSpacing": "normal",
                      "textAnchor": "middle",
                    }
                  }
                  matrix={
                    Array [
                      1,
                      0,
                      0,
                      1,
                      0,
                      0,
                    ]
                  }
                  opacity={1}
                  originX={0}
                  originY={0}
                  propList={
                    Array [
                      "fill",
                    ]
                  }
                  rotate={Array []}
                  rotation={0}
                  scaleX={1}
                  scaleY={1}
                  skewX={0}
                  skewY={0}
                  stroke={null}
                  strokeDasharray={null}
                  strokeDashoffset={null}
                  strokeLinecap={0}
                  strokeLinejoin={0}
                  strokeMiterlimit={4}
                  strokeOpacity={1}
                  strokeWidth={1}
                  vectorEffect={0}
                  x={
                    Array [
                      230,
                    ]
                  }
                  y={Array []}
                />
              </RNSVGText>
            </RNSVGGroup>
          </RNSVGGroup>
          <RNSVGGroup
            fill={
              Array [
                0,
                4278190080,
              ]
            }
            fillOpacity={1}
            fillRule={1}
            font={Object {}}
            matrix={
              Array [
                1,
                0,
                0,
                1,
                0,
                0,
              ]
            }
            opacity={1}
            originX={0}
            originY={0}
            propList={Array []}
            rotation={0}
            scaleX={1}
            scaleY={1}
            skewX={0}
            skewY={0}
            stroke={null}
            strokeDasharray={null}
            strokeDashoffset={null}
            strokeLinecap={0}
            strokeLinejoin={0}
            strokeMiterlimit={4}
            strokeOpacity={1}
            strokeWidth={1}
            vectorEffect={0}
            x={0}
            y={0}
          >
            <RNSVGLine
              fill={
                Array [
                  0,
                  0,
                ]
              }
              fillOpacity={1}
              fillRule={1}
              matrix={
                Array [
                  1,
                  0,
                  0,
                  1,
                  0,
                  0,
                ]
              }
              opacity={1}
              originX={0}
              originY={0}
              propList={
                Array [
                  "fill",
                ]
              }
              rotation={0}
              scaleX={1}
              scaleY={1}
              skewX={0}
              skewY={0}
              stroke={null}
              strokeDasharray={null}
              strokeDashoffset={null}
              strokeLinecap={0}
              strokeLinejoin={0}
              strokeMiterlimit={4}
              strokeOpacity={1}
              strokeWidth={1}
              vectorEffect={1}
              x={0}
              x1={50}
              x2={50}
              y={0}
              y1={50}
              y2={140}
            />
            <RNSVGGroup
              fill={
                Array [
                  0,
                  4278190080,
                ]
              }
              fillOpacity={1}
              fillRule={1}
              font={Object {}}
              matrix={
                Array [
                  1,
                  0,
                  0,
                  1,
                  0,
                  0,
                ]
              }
              opacity={1}
              originX={0}
              originY={0}
              propList={Array []}
              rotation={0}
              scaleX={1}
              scaleY={1}
              skewX={0}
              skewY={0}
              stroke={null}
              strokeDasharray={null}
              strokeDashoffset={null}
              strokeLinecap={0}
              strokeLinejoin={0}
              strokeMiterlimit={4}
              strokeOpacity={1}
              strokeWidth={1}
              vectorEffect={0}
              x={0}
              y={0}
            >
              <RNSVGLine
                fill={null}
                fillOpacity={1}
                fillRule={1}
                matrix={
                  Array [
                    1,
                    0,
                    0,
                    1,
                    0,
                    0,
                  ]
                }
                opacity={1}
                originX={0}
                originY={0}
                propList={
                  Array [
                    "fill",
                    "stroke",
                    "strokeDasharray",
                    "strokeLinecap",
                    "strokeLinejoin",
                  ]
                }
                rotation={0}
                scaleX={1}
                scaleY={1}
                skewX={0}
                skewY={0}
                stroke={
                  Array [
                    0,
                    4293718001,
                  ]
                }
                strokeDasharray={
                  Array [
                    "10",
                    "5",
                  ]
                }
                strokeDashoffset={null}
                strokeLinecap={1}
                strokeLinejoin={1}
                strokeMiterlimit={4}
                strokeOpacity={1}
                strokeWidth={1}
                vectorEffect={1}
                x={0}
                x1={50}
                x2={230}
                y={0}
                y1={122}
                y2={122}
              />
              <RNSVGLine
                fill={
                  Array [
                    0,
                    0,
                  ]
                }
                fillOpacity={1}
                fillRule={1}
                matrix={
                  Array [
                    1,
                    0,
                    0,
                    1,
                    0,
                    0,
                  ]
                }
                opacity={1}
                originX={0}
                originY={0}
                propList={
                  Array [
                    "fill",
                    "stroke",
                    "strokeWidth",
                    "strokeLinecap",
                    "strokeLinejoin",
                  ]
                }
                rotation={0}
                scaleX={1}
                scaleY={1}
                skewX={0}
                skewY={0}
                stroke={
                  Array [
                    0,
                    4287669422,
                  ]
                }
                strokeDasharray={null}
                strokeDashoffset={null}
                strokeLinecap={1}
                strokeLinejoin={1}
                strokeMiterlimit={4}
                strokeOpacity={1}
                strokeWidth={1}
                vectorEffect={1}
                x={0}
                x1={50}
                x2={45}
                y={0}
                y1={122}
                y2={122}
              />
              <RNSVGText
                content={null}
                dx={
                  Array [
                    0,
                  ]
                }
                dy={
                  Array [
                    4.26,
                  ]
                }
                fill={
                  Array [
                    0,
                    4278190080,
                  ]
                }
                fillOpacity={1}
                fillRule={1}
                font={Object {}}
                matrix={
                  Array [
                    1,
                    0,
                    0,
                    1,
                    0,
                    0,
                  ]
                }
                name="chart-axis-3-tickLabels-0"
                opacity={1}
                originX={0}
                originY={0}
                propList={Array []}
                rotate={Array []}
                rotation={0}
                scaleX={1}
                scaleY={1}
                skewX={0}
                skewY={0}
                stroke={null}
                strokeDasharray={null}
                strokeDashoffset={null}
                strokeLinecap={0}
                strokeLinejoin={0}
                strokeMiterlimit={4}
                strokeOpacity={1}
                strokeWidth={1}
                vectorEffect={0}
                x={
                  Array [
                    37,
                  ]
                }
                y={
                  Array [
                    122,
                  ]
                }
              >
                <RNSVGTSpan
                  content="0.2"
                  dx={
                    Array [
                      0,
                    ]
                  }
                  dy={Array []}
                  fill={
                    Array [
                      0,
                      4282735204,
                    ]
                  }
                  fillOpacity={1}
                  fillRule={1}
                  font={
                    Object {
                      "fontFamily": "Roboto",
                      "fontSize": 12,
                      "letterSpacing": "normal",
                      "textAnchor": "end",
                    }
                  }
                  matrix={
                    Array [
                      1,
                      0,
                      0,
                      1,
                      0,
                      0,
                    ]
                  }
                  opacity={1}
                  originX={0}
                  originY={0}
                  propList={
                    Array [
                      "fill",
                    ]
                  }
                  rotate={Array []}
                  rotation={0}
                  scaleX={1}
                  scaleY={1}
                  skewX={0}
                  skewY={0}
                  stroke={null}
                  strokeDasharray={null}
                  strokeDashoffset={null}
                  strokeLinecap={0}
                  strokeLinejoin={0}
                  strokeMiterlimit={4}
                  strokeOpacity={1}
                  strokeWidth={1}
                  vectorEffect={0}
                  x={
                    Array [
                      37,
                    ]
                  }
                  y={Array []}
                />
              </RNSVGText>
            </RNSVGGroup>
            <RNSVGGroup
              fill={
                Array [
                  0,
                  4278190080,
                ]
              }
              fillOpacity={1}
              fillRule={1}
              font={Object {}}
              matrix={
                Array [
                  1,
                  0,
                  0,
                  1,
                  0,
                  0,
                ]
              }
              opacity={1}
              originX={0}
              originY={0}
              propList={Array []}
              rotation={0}
              scaleX={1}
              scaleY={1}
              skewX={0}
              skewY={0}
              stroke={null}
              strokeDasharray={null}
              strokeDashoffset={null}
              strokeLinecap={0}
              strokeLinejoin={0}
              strokeMiterlimit={4}
              strokeOpacity={1}
              strokeWidth={1}
              vectorEffect={0}
              x={0}
              y={0}
            >
              <RNSVGLine
                fill={null}
                fillOpacity={1}
                fillRule={1}
                matrix={
                  Array [
                    1,
                    0,
                    0,
                    1,
                    0,
                    0,
                  ]
                }
                opacity={1}
                originX={0}
                originY={0}
                propList={
                  Array [
                    "fill",
                    "stroke",
                    "strokeDasharray",
                    "strokeLinecap",
                    "strokeLinejoin",
                  ]
                }
                rotation={0}
                scaleX={1}
                scaleY={1}
                skewX={0}
                skewY={0}
                stroke={
                  Array [
                    0,
                    4293718001,
                  ]
                }
                strokeDasharray={
                  Array [
                    "10",
                    "5",
                  ]
                }
                strokeDashoffset={null}
                strokeLinecap={1}
                strokeLinejoin={1}
                strokeMiterlimit={4}
                strokeOpacity={1}
                strokeWidth={1}
                vectorEffect={1}
                x={0}
                x1={50}
                x2={230}
                y={0}
                y1={104}
                y2={104}
              />
              <RNSVGLine
                fill={
                  Array [
                    0,
                    0,
                  ]
                }
                fillOpacity={1}
                fillRule={1}
                matrix={
                  Array [
                    1,
                    0,
                    0,
                    1,
                    0,
                    0,
                  ]
                }
                opacity={1}
                originX={0}
                originY={0}
                propList={
                  Array [
                    "fill",
                    "stroke",
                    "strokeWidth",
                    "strokeLinecap",
                    "strokeLinejoin",
                  ]
                }
                rotation={0}
                scaleX={1}
                scaleY={1}
                skewX={0}
                skewY={0}
                stroke={
                  Array [
                    0,
                    4287669422,
                  ]
                }
                strokeDasharray={null}
                strokeDashoffset={null}
                strokeLinecap={1}
                strokeLinejoin={1}
                strokeMiterlimit={4}
                strokeOpacity={1}
                strokeWidth={1}
                vectorEffect={1}
                x={0}
                x1={50}
                x2={45}
                y={0}
                y1={104}
                y2={104}
              />
              <RNSVGText
                content={null}
                dx={
                  Array [
                    0,
                  ]
                }
                dy={
                  Array [
                    4.26,
                  ]
                }
                fill={
                  Array [
                    0,
                    4278190080,
                  ]
                }
                fillOpacity={1}
                fillRule={1}
                font={Object {}}
                matrix={
                  Array [
                    1,
                    0,
                    0,
                    1,
                    0,
                    0,
                  ]
                }
                name="chart-axis-3-tickLabels-1"
                opacity={1}
                originX={0}
                originY={0}
                propList={Array []}
                rotate={Array []}
                rotation={0}
                scaleX={1}
                scaleY={1}
                skewX={0}
                skewY={0}
                stroke={null}
                strokeDasharray={null}
                strokeDashoffset={null}
                strokeLinecap={0}
                strokeLinejoin={0}
                strokeMiterlimit={4}
                strokeOpacity={1}
                strokeWidth={1}
                vectorEffect={0}
                x={
                  Array [
                    37,
                  ]
                }
                y={
                  Array [
                    104,
                  ]
                }
              >
                <RNSVGTSpan
                  content="0.4"
                  dx={
                    Array [
                      0,
                    ]
                  }
                  dy={Array []}
                  fill={
                    Array [
                      0,
                      4282735204,
                    ]
                  }
                  fillOpacity={1}
                  fillRule={1}
                  font={
                    Object {
                      "fontFamily": "Roboto",
                      "fontSize": 12,
                      "letterSpacing": "normal",
                      "textAnchor": "end",
                    }
                  }
                  matrix={
                    Array [
                      1,
                      0,
                      0,
                      1,
                      0,
                      0,
                    ]
                  }
                  opacity={1}
                  originX={0}
                  originY={0}
                  propList={
                    Array [
                      "fill",
                    ]
                  }
                  rotate={Array []}
                  rotation={0}
                  scaleX={1}
                  scaleY={1}
                  skewX={0}
                  skewY={0}
                  stroke={null}
                  strokeDasharray={null}
                  strokeDashoffset={null}
                  strokeLinecap={0}
                  strokeLinejoin={0}
                  strokeMiterlimit={4}
                  strokeOpacity={1}
                  strokeWidth={1}
                  vectorEffect={0}
                  x={
                    Array [
                      37,
                    ]
                  }
                  y={Array []}
                />
              </RNSVGText>
            </RNSVGGroup>
            <RNSVGGroup
              fill={
                Array [
                  0,
                  4278190080,
                ]
              }
              fillOpacity={1}
              fillRule={1}
              font={Object {}}
              matrix={
                Array [
                  1,
                  0,
                  0,
                  1,
                  0,
                  0,
                ]
              }
              opacity={1}
              originX={0}
              originY={0}
              propList={Array []}
              rotation={0}
              scaleX={1}
              scaleY={1}
              skewX={0}
              skewY={0}
              stroke={null}
              strokeDasharray={null}
              strokeDashoffset={null}
              strokeLinecap={0}
              strokeLinejoin={0}
              strokeMiterlimit={4}
              strokeOpacity={1}
              strokeWidth={1}
              vectorEffect={0}
              x={0}
              y={0}
            >
              <RNSVGLine
                fill={null}
                fillOpacity={1}
                fillRule={1}
                matrix={
                  Array [
                    1,
                    0,
                    0,
                    1,
                    0,
                    0,
                  ]
                }
                opacity={1}
                originX={0}
                originY={0}
                propList={
                  Array [
                    "fill",
                    "stroke",
                    "strokeDasharray",
                    "strokeLinecap",
                    "strokeLinejoin",
                  ]
                }
                rotation={0}
                scaleX={1}
                scaleY={1}
                skewX={0}
                skewY={0}
                stroke={
                  Array [
                    0,
                    4293718001,
                  ]
                }
                strokeDasharray={
                  Array [
                    "10",
                    "5",
                  ]
                }
                strokeDashoffset={null}
                strokeLinecap={1}
                strokeLinejoin={1}
                strokeMiterlimit={4}
                strokeOpacity={1}
                strokeWidth={1}
                vectorEffect={1}
                x={0}
                x1={50}
                x2={230}
                y={0}
                y1={86}
                y2={86}
              />
              <RNSVGLine
                fill={
                  Array [
                    0,
                    0,
                  ]
                }
                fillOpacity={1}
                fillRule={1}
                matrix={
                  Array [
                    1,
                    0,
                    0,
                    1,
                    0,
                    0,
                  ]
                }
                opacity={1}
                originX={0}
                originY={0}
                propList={
                  Array [
                    "fill",
                    "stroke",
                    "strokeWidth",
                    "strokeLinecap",
                    "strokeLinejoin",
                  ]
                }
                rotation={0}
                scaleX={1}
                scaleY={1}
                skewX={0}
                skewY={0}
                stroke={
                  Array [
                    0,
                    4287669422,
                  ]
                }
                strokeDasharray={null}
                strokeDashoffset={null}
                strokeLinecap={1}
                strokeLinejoin={1}
                strokeMiterlimit={4}
                strokeOpacity={1}
                strokeWidth={1}
                vectorEffect={1}
                x={0}
                x1={50}
                x2={45}
                y={0}
                y1={86}
                y2={86}
              />
              <RNSVGText
                content={null}
                dx={
                  Array [
                    0,
                  ]
                }
                dy={
                  Array [
                    4.26,
                  ]
                }
                fill={
                  Array [
                    0,
                    4278190080,
                  ]
                }
                fillOpacity={1}
                fillRule={1}
                font={Object {}}
                matrix={
                  Array [
                    1,
                    0,
                    0,
                    1,
                    0,
                    0,
                  ]
                }
                name="chart-axis-3-tickLabels-2"
                opacity={1}
                originX={0}
                originY={0}
                propList={Array []}
                rotate={Array []}
                rotation={0}
                scaleX={1}
                scaleY={1}
                skewX={0}
                skewY={0}
                stroke={null}
                strokeDasharray={null}
                strokeDashoffset={null}
                strokeLinecap={0}
                strokeLinejoin={0}
                strokeMiterlimit={4}
                strokeOpacity={1}
                strokeWidth={1}
                vectorEffect={0}
                x={
                  Array [
                    37,
                  ]
                }
                y={
                  Array [
                    86,
                  ]
                }
              >
                <RNSVGTSpan
                  content="0.6"
                  dx={
                    Array [
                      0,
                    ]
                  }
                  dy={Array []}
                  fill={
                    Array [
                      0,
                      4282735204,
                    ]
                  }
                  fillOpacity={1}
                  fillRule={1}
                  font={
                    Object {
                      "fontFamily": "Roboto",
                      "fontSize": 12,
                      "letterSpacing": "normal",
                      "textAnchor": "end",
                    }
                  }
                  matrix={
                    Array [
                      1,
                      0,
                      0,
                      1,
                      0,
                      0,
                    ]
                  }
                  opacity={1}
                  originX={0}
                  originY={0}
                  propList={
                    Array [
                      "fill",
                    ]
                  }
                  rotate={Array []}
                  rotation={0}
                  scaleX={1}
                  scaleY={1}
                  skewX={0}
                  skewY={0}
                  stroke={null}
                  strokeDasharray={null}
                  strokeDashoffset={null}
                  strokeLinecap={0}
                  strokeLinejoin={0}
                  strokeMiterlimit={4}
                  strokeOpacity={1}
                  strokeWidth={1}
                  vectorEffect={0}
                  x={
                    Array [
                      37,
                    ]
                  }
                  y={Array []}
                />
              </RNSVGText>
            </RNSVGGroup>
            <RNSVGGroup
              fill={
                Array [
                  0,
                  4278190080,
                ]
              }
              fillOpacity={1}
              fillRule={1}
              font={Object {}}
              matrix={
                Array [
                  1,
                  0,
                  0,
                  1,
                  0,
                  0,
                ]
              }
              opacity={1}
              originX={0}
              originY={0}
              propList={Array []}
              rotation={0}
              scaleX={1}
              scaleY={1}
              skewX={0}
              skewY={0}
              stroke={null}
              strokeDasharray={null}
              strokeDashoffset={null}
              strokeLinecap={0}
              strokeLinejoin={0}
              strokeMiterlimit={4}
              strokeOpacity={1}
              strokeWidth={1}
              vectorEffect={0}
              x={0}
              y={0}
            >
              <RNSVGLine
                fill={null}
                fillOpacity={1}
                fillRule={1}
                matrix={
                  Array [
                    1,
                    0,
                    0,
                    1,
                    0,
                    0,
                  ]
                }
                opacity={1}
                originX={0}
                originY={0}
                propList={
                  Array [
                    "fill",
                    "stroke",
                    "strokeDasharray",
                    "strokeLinecap",
                    "strokeLinejoin",
                  ]
                }
                rotation={0}
                scaleX={1}
                scaleY={1}
                skewX={0}
                skewY={0}
                stroke={
                  Array [
                    0,
                    4293718001,
                  ]
                }
                strokeDasharray={
                  Array [
                    "10",
                    "5",
                  ]
                }
                strokeDashoffset={null}
                strokeLinecap={1}
                strokeLinejoin={1}
                strokeMiterlimit={4}
                strokeOpacity={1}
                strokeWidth={1}
                vectorEffect={1}
                x={0}
                x1={50}
                x2={230}
                y={0}
                y1={68}
                y2={68}
              />
              <RNSVGLine
                fill={
                  Array [
                    0,
                    0,
                  ]
                }
                fillOpacity={1}
                fillRule={1}
                matrix={
                  Array [
                    1,
                    0,
                    0,
                    1,
                    0,
                    0,
                  ]
                }
                opacity={1}
                originX={0}
                originY={0}
                propList={
                  Array [
                    "fill",
                    "stroke",
                    "strokeWidth",
                    "strokeLinecap",
                    "strokeLinejoin",
                  ]
                }
                rotation={0}
                scaleX={1}
                scaleY={1}
                skewX={0}
                skewY={0}
                stroke={
                  Array [
                    0,
                    4287669422,
                  ]
                }
                strokeDasharray={null}
                strokeDashoffset={null}
                strokeLinecap={1}
                strokeLinejoin={1}
                strokeMiterlimit={4}
                strokeOpacity={1}
                strokeWidth={1}
                vectorEffect={1}
                x={0}
                x1={50}
                x2={45}
                y={0}
                y1={68}
                y2={68}
              />
              <RNSVGText
                content={null}
                dx={
                  Array [
                    0,
                  ]
                }
                dy={
                  Array [
                    4.26,
                  ]
                }
                fill={
                  Array [
                    0,
                    4278190080,
                  ]
                }
                fillOpacity={1}
                fillRule={1}
                font={Object {}}
                matrix={
                  Array [
                    1,
                    0,
                    0,
                    1,
                    0,
                    0,
                  ]
                }
                name="chart-axis-3-tickLabels-3"
                opacity={1}
                originX={0}
                originY={0}
                propList={Array []}
                rotate={Array []}
                rotation={0}
                scaleX={1}
                scaleY={1}
                skewX={0}
                skewY={0}
                stroke={null}
                strokeDasharray={null}
                strokeDashoffset={null}
                strokeLinecap={0}
                strokeLinejoin={0}
                strokeMiterlimit={4}
                strokeOpacity={1}
                strokeWidth={1}
                vectorEffect={0}
                x={
                  Array [
                    37,
                  ]
                }
                y={
                  Array [
                    68,
                  ]
                }
              >
                <RNSVGTSpan
                  content="0.8"
                  dx={
                    Array [
                      0,
                    ]
                  }
                  dy={Array []}
                  fill={
                    Array [
                      0,
                      4282735204,
                    ]
                  }
                  fillOpacity={1}
                  fillRule={1}
                  font={
                    Object {
                      "fontFamily": "Roboto",
                      "fontSize": 12,
                      "letterSpacing": "normal",
                      "textAnchor": "end",
                    }
                  }
                  matrix={
                    Array [
                      1,
                      0,
                      0,
                      1,
                      0,
                      0,
                    ]
                  }
                  opacity={1}
                  originX={0}
                  originY={0}
                  propList={
                    Array [
                      "fill",
                    ]
                  }
                  rotate={Array []}
                  rotation={0}
                  scaleX={1}
                  scaleY={1}
                  skewX={0}
                  skewY={0}
                  stroke={null}
                  strokeDasharray={null}
                  strokeDashoffset={null}
                  strokeLinecap={0}
                  strokeLinejoin={0}
                  strokeMiterlimit={4}
                  strokeOpacity={1}
                  strokeWidth={1}
                  vectorEffect={0}
                  x={
                    Array [
                      37,
                    ]
                  }
                  y={Array []}
                />
              </RNSVGText>
            </RNSVGGroup>
            <RNSVGGroup
              fill={
                Array [
                  0,
                  4278190080,
                ]
              }
              fillOpacity={1}
              fillRule={1}
              font={Object {}}
              matrix={
                Array [
                  1,
                  0,
                  0,
                  1,
                  0,
                  0,
                ]
              }
              opacity={1}
              originX={0}
              originY={0}
              propList={Array []}
              rotation={0}
              scaleX={1}
              scaleY={1}
              skewX={0}
              skewY={0}
              stroke={null}
              strokeDasharray={null}
              strokeDashoffset={null}
              strokeLinecap={0}
              strokeLinejoin={0}
              strokeMiterlimit={4}
              strokeOpacity={1}
              strokeWidth={1}
              vectorEffect={0}
              x={0}
              y={0}
            >
              <RNSVGLine
                fill={null}
                fillOpacity={1}
                fillRule={1}
                matrix={
                  Array [
                    1,
                    0,
                    0,
                    1,
                    0,
                    0,
                  ]
                }
                opacity={1}
                originX={0}
                originY={0}
                propList={
                  Array [
                    "fill",
                    "stroke",
                    "strokeDasharray",
                    "strokeLinecap",
                    "strokeLinejoin",
                  ]
                }
                rotation={0}
                scaleX={1}
                scaleY={1}
                skewX={0}
                skewY={0}
                stroke={
                  Array [
                    0,
                    4293718001,
                  ]
                }
                strokeDasharray={
                  Array [
                    "10",
                    "5",
                  ]
                }
                strokeDashoffset={null}
                strokeLinecap={1}
                strokeLinejoin={1}
                strokeMiterlimit={4}
                strokeOpacity={1}
                strokeWidth={1}
                vectorEffect={1}
                x={0}
                x1={50}
                x2={230}
                y={0}
                y1={50}
                y2={50}
              />
              <RNSVGLine
                fill={
                  Array [
                    0,
                    0,
                  ]
                }
                fillOpacity={1}
                fillRule={1}
                matrix={
                  Array [
                    1,
                    0,
                    0,
                    1,
                    0,
                    0,
                  ]
                }
                opacity={1}
                originX={0}
                originY={0}
                propList={
                  Array [
                    "fill",
                    "stroke",
                    "strokeWidth",
                    "strokeLinecap",
                    "strokeLinejoin",
                  ]
                }
                rotation={0}
                scaleX={1}
                scaleY={1}
                skewX={0}
                skewY={0}
                stroke={
                  Array [
                    0,
                    4287669422,
                  ]
                }
                strokeDasharray={null}
                strokeDashoffset={null}
                strokeLinecap={1}
                strokeLinejoin={1}
                strokeMiterlimit={4}
                strokeOpacity={1}
                strokeWidth={1}
                vectorEffect={1}
                x={0}
                x1={50}
                x2={45}
                y={0}
                y1={50}
                y2={50}
              />
              <RNSVGText
                content={null}
                dx={
                  Array [
                    0,
                  ]
                }
                dy={
                  Array [
                    4.26,
                  ]
                }
                fill={
                  Array [
                    0,
                    4278190080,
                  ]
                }
                fillOpacity={1}
                fillRule={1}
                font={Object {}}
                matrix={
                  Array [
                    1,
                    0,
                    0,
                    1,
                    0,
                    0,
                  ]
                }
                name="chart-axis-3-tickLabels-4"
                opacity={1}
                originX={0}
                originY={0}
                propList={Array []}
                rotate={Array []}
                rotation={0}
                scaleX={1}
                scaleY={1}
                skewX={0}
                skewY={0}
                stroke={null}
                strokeDasharray={null}
                strokeDashoffset={null}
                strokeLinecap={0}
                strokeLinejoin={0}
                strokeMiterlimit={4}
                strokeOpacity={1}
                strokeWidth={1}
                vectorEffect={0}
                x={
                  Array [
                    37,
                  ]
                }
                y={
                  Array [
                    50,
                  ]
                }
              >
                <RNSVGTSpan
                  content="1.0"
                  dx={
                    Array [
                      0,
                    ]
                  }
                  dy={Array []}
                  fill={
                    Array [
                      0,
                      4282735204,
                    ]
                  }
                  fillOpacity={1}
                  fillRule={1}
                  font={
                    Object {
                      "fontFamily": "Roboto",
                      "fontSize": 12,
                      "letterSpacing": "normal",
                      "textAnchor": "end",
                    }
                  }
                  matrix={
                    Array [
                      1,
                      0,
                      0,
                      1,
                      0,
                      0,
                    ]
                  }
                  opacity={1}
                  originX={0}
                  originY={0}
                  propList={
                    Array [
                      "fill",
                    ]
                  }
                  rotate={Array []}
                  rotation={0}
                  scaleX={1}
                  scaleY={1}
                  skewX={0}
                  skewY={0}
                  stroke={null}
                  strokeDasharray={null}
                  strokeDashoffset={null}
                  strokeLinecap={0}
                  strokeLinejoin={0}
                  strokeMiterlimit={4}
                  strokeOpacity={1}
                  strokeWidth={1}
                  vectorEffect={0}
                  x={
                    Array [
                      37,
                    ]
                  }
                  y={Array []}
                />
              </RNSVGText>
            </RNSVGGroup>
          </RNSVGGroup>
        </RNSVGGroup>
      </RNSVGSvgView>
      <View
        pointerEvents="box-none"
        style={
          Object {
            "left": 0,
            "position": "absolute",
            "top": 0,
            "zIndex": 99,
          }
        }
      >
        <RNSVGSvgView
          align="xMidYMid"
          bbHeight={190}
          bbWidth={280}
          height={190}
          meetOrSlice={0}
          minX={0}
          minY={0}
          style={
            Array [
              Object {
                "backgroundColor": "transparent",
                "borderWidth": 0,
              },
              Object {
                "height": "100%",
                "overflow": "visible",
                "width": "100%",
              },
              Object {
                "opacity": 1,
              },
              Object {
                "flex": 0,
                "height": 190,
                "width": 280,
              },
            ]
          }
          vbHeight={190}
          vbWidth={280}
          width={280}
        >
          <RNSVGGroup
            fill={
              Array [
                0,
                4278190080,
              ]
            }
            fillOpacity={1}
            fillRule={1}
            font={Object {}}
            matrix={
              Array [
                1,
                0,
                0,
                1,
                0,
                0,
              ]
            }
            opacity={1}
            originX={0}
            originY={0}
            propList={Array []}
            rotation={0}
            scaleX={1}
            scaleY={1}
            skewX={0}
            skewY={0}
            stroke={null}
            strokeDasharray={null}
            strokeDashoffset={null}
            strokeLinecap={0}
            strokeLinejoin={0}
            strokeMiterlimit={4}
            strokeOpacity={1}
            strokeWidth={1}
            vectorEffect={0}
            x={0}
            y={0}
          />
        </RNSVGSvgView>
      </View>
    </View>
  </View>
  <View
    style={
      Object {
        "marginRight": 20,
        "marginTop": "15%",
        "width": "36%",
      }
    }
  >
    <View
      style={
        Object {
          "display": "flex",
          "flexDirection": "row",
          "justifyContent": "space-between",
        }
      }
    >
      <View
        style={
          Object {
            "alignItems": "flex-start",
            "display": "flex",
            "width": "65%",
          }
        }
      >
        <Text
          style={Object {}}
        >
          52 wk low:
        </Text>
      </View>
      <View
        style={
          Object {
            "alignItems": "flex-end",
            "display": "flex",
            "width": "35%",
          }
        }
      >
        <Text
          style={Object {}}
        >
          0
        </Text>
      </View>
    </View>
    <View
      style={
        Object {
          "display": "flex",
          "flexDirection": "row",
          "justifyContent": "space-between",
        }
      }
    >
      <View
        style={
          Object {
            "alignItems": "flex-start",
            "display": "flex",
            "width": "65%",
          }
        }
      >
        <Text
          style={Object {}}
        >
          52 wk high:
        </Text>
      </View>
      <View
        style={
          Object {
            "alignItems": "flex-end",
            "display": "flex",
            "width": "35%",
          }
        }
      >
        <Text
          style={Object {}}
        >
          0
        </Text>
      </View>
    </View>
    <View
      style={
        Object {
          "display": "flex",
          "flexDirection": "row",
          "justifyContent": "space-between",
        }
      }
    >
      <View
        style={
          Object {
            "alignItems": "flex-start",
            "display": "flex",
            "width": "65%",
          }
        }
      >
        <Text
          style={Object {}}
        >
          P/E:
        </Text>
      </View>
      <View
        style={
          Object {
            "alignItems": "flex-end",
            "display": "flex",
            "width": "35%",
          }
        }
      >
        <Text
          style={Object {}}
        >
          0
        </Text>
      </View>
    </View>
    <View
      style={
        Object {
          "display": "flex",
          "flexDirection": "row",
          "justifyContent": "space-between",
        }
      }
    >
      <View
        style={
          Object {
            "alignItems": "flex-start",
            "display": "flex",
            "width": "65%",
          }
        }
      >
        <Text
          style={Object {}}
        >
          EPS:
        </Text>
      </View>
      <View
        style={
          Object {
            "alignItems": "flex-end",
            "display": "flex",
            "width": "35%",
          }
        }
      >
        <Text
          style={Object {}}
        >
          
        </Text>
      </View>
    </View>
    <View
      style={
        Object {
          "display": "flex",
          "flexDirection": "row",
          "justifyContent": "space-between",
        }
      }
    >
      <View
        style={
          Object {
            "alignItems": "flex-start",
            "display": "flex",
            "width": "65%",
          }
        }
      >
        <Text
          style={Object {}}
        >
          Div. Yield
        </Text>
      </View>
      <View
        style={
          Object {
            "alignItems": "flex-end",
            "display": "flex",
            "width": "35%",
          }
        }
      >
        <Text
          style={Object {}}
        >
          
        </Text>
      </View>
    </View>
  </View>
</View>
`;
