// Jest Snapshot v1, https://goo.gl/fbAQLP

exports[`<Header /> renders correctly 1`] = `
<View>
  <View
    style={
      Object {
        "alignContent": "center",
        "backgroundColor": "#0984e3",
        "display": "flex",
        "flexDirection": "row",
        "height": 50,
        "justifyContent": "space-between",
        "width": "100%",
      }
    }
  >
    <Image
      source={1}
      style={
        Object {
          "height": 25,
          "marginLeft": 20,
          "marginTop": 14,
          "width": 25,
        }
      }
    />
    <Text
      style={
        Object {
          "color": "white",
          "fontSize": 24,
          "marginTop": 10,
        }
      }
    >
      Investments
    </Text>
    <Image
      source={1}
      style={
        Object {
          "height": 25,
          "marginRight": 20,
          "marginTop": 14,
          "width": 25,
        }
      }
    />
  </View>
  <View
    style={
      Object {
        "display": "flex",
        "flexDirection": "row",
        "justifyContent": "space-between",
      }
    }
  >
    <View
      style={
        Object {
          "fontSize": 12,
          "height": 40,
          "padding": 2,
          "textAlign": "center",
          "width": "50%",
        }
      }
    >
      <View
        accessibilityRole="button"
        accessibilityStates={Array []}
        accessible={true}
        isTVSelectable={true}
        onResponderGrant={[Function]}
        onResponderMove={[Function]}
        onResponderRelease={[Function]}
        onResponderTerminate={[Function]}
        onResponderTerminationRequest={[Function]}
        onStartShouldSetResponder={[Function]}
        style={
          Object {
            "opacity": 1,
          }
        }
      >
        <View
          style={
            Array [
              Object {},
            ]
          }
        >
          <Text
            style={
              Array [
                Object {
                  "color": "#007AFF",
                  "fontSize": 18,
                  "padding": 8,
                  "textAlign": "center",
                },
                Object {
                  "color": "#e17055",
                },
              ]
            }
          >
            PORTFOLI
          </Text>
        </View>
      </View>
    </View>
    <View
      style={
        Object {
          "fontSize": 12,
          "height": 40,
          "padding": 2,
          "textAlign": "center",
          "width": "50%",
        }
      }
    >
      <View
        accessibilityRole="button"
        accessibilityStates={Array []}
        accessible={true}
        isTVSelectable={true}
        onResponderGrant={[Function]}
        onResponderMove={[Function]}
        onResponderRelease={[Function]}
        onResponderTerminate={[Function]}
        onResponderTerminationRequest={[Function]}
        onStartShouldSetResponder={[Function]}
        style={
          Object {
            "opacity": 1,
          }
        }
      >
        <View
          style={
            Array [
              Object {},
            ]
          }
        >
          <Text
            style={
              Array [
                Object {
                  "color": "#007AFF",
                  "fontSize": 18,
                  "padding": 8,
                  "textAlign": "center",
                },
                Object {
                  "color": "#e17055",
                },
              ]
            }
          >
            WATCHLIST
          </Text>
        </View>
      </View>
    </View>
  </View>
</View>
`;
