// Jest Snapshot v1, https://goo.gl/fbAQLP

exports[`<WatchList /> renders correctly 1`] = `
<RCTSafeAreaView
  emulateUnlessSupported={true}
>
  <RCTScrollView
    refreshControl={
      <RefreshControlMock
        colors={
          Array [
            "rgb(77,119,245)",
          ]
        }
        onRefresh={[Function]}
        refreshing={false}
      />
    }
    style={
      Object {
        "height": "100%",
        "width": "100%",
      }
    }
  >
    <RCTRefreshControl />
    <View>
      <View
        style={
          Object {
            "alignItems": "center",
            "display": "flex",
          }
        }
      >
        <ActivityIndicator
          animating={true}
          color="rgb(77,119,245)"
          hidesWhenStopped={true}
          size="large"
          style={
            Object {
              "height": 80,
            }
          }
        />
        <Text
          style={
            Object {
              "color": "rgb(77,119,245)",
              "fontSize": 32,
            }
          }
        >
          Loading
        </Text>
      </View>
    </View>
  </RCTScrollView>
</RCTSafeAreaView>
`;
