// Jest Snapshot v1, https://goo.gl/fbAQLP

exports[`<WatchList2 /> renders correctly 1`] = `
<View>
  <View
    style={
      Object {
        "borderColor": "black",
        "borderStyle": "solid",
        "borderWidth": 2,
        "display": "flex",
        "flexDirection": "row",
        "justifyContent": "space-between",
      }
    }
  >
    <Text>
      My WatchList2
    </Text>
    <Image
      source={1}
      style={
        Object {
          "height": 14,
          "width": 14,
        }
      }
    />
  </View>
</View>
`;
